Microchip Technology Inc, v2.10 (B)

Tool Name:
  c:\program files\microchip\xc16\v2.10\bin\bin\..\bin/elf-ld.exe

Command:
  -TC:\\Users\\chris.mao\\AppData\\Local\\Temp\\tmp00002644.00 \
  -TC:\\Users\\chris.mao\\AppData\\Local\\Temp\\tmp00002644.01 \
  -TC:\\Users\\chris.mao\\AppData\\Local\\Temp\\tmp00002644.02 \
  -TC:\\Users\\chris.mao\\AppData\\Local\\Temp\\tmp00002644.03 \
  -TC:\\Users\\chris.mao\\AppData\\Local\\Temp\\tmp00002644.04 \
  -TC:\\Users\\chris.mao\\AppData\\Local\\Temp\\tmp00002644.05 \
  -TC:\\Users\\chris.mao\\AppData\\Local\\Temp\\tmp00002644.06 \
  -p24FJ128GA705 \
  --mdfp=C:/Program Files/Microchip/MPLABX/v6.10/packs/Microchip/PIC24F-GA-GB_DFP/1.8.217/xc16 \
  -o \
  dist/default/debug/temp_hum_oledb.X.debug.elf \
  -Lc:/program files/microchip/xc16/v2.10/bin/bin/.. \
  -LC:/Program Files/Microchip/MPLABX/v6.10/packs/Microchip/PIC24F-GA-GB_DFP/1.8.217/xc16/bin/../support/PIC24F/gld \
  -Lc:/program files/microchip/xc16/v2.10/bin/bin/../../lib \
  -Lc:/program files/microchip/xc16/v2.10/bin/bin/../../support/PIC24E/gld \
  -Lc:/program files/microchip/xc16/v2.10/bin/bin/../../support/PIC24F/gld \
  -Lc:/program files/microchip/xc16/v2.10/bin/bin/../../support/PIC24H/gld \
  -Lc:/program files/microchip/xc16/v2.10/bin/bin/../../support/dsPIC30F/gld \
  -Lc:/program files/microchip/xc16/v2.10/bin/bin/../../support/dsPIC33C/gld \
  -Lc:/program files/microchip/xc16/v2.10/bin/bin/../../support/dsPIC33E/gld \
  -Lc:/program files/microchip/xc16/v2.10/bin/bin/../../support/dsPIC33F/gld \
  build/default/debug/mcc_generated_files/drivers/i2c_simple_master.o \
  build/default/debug/mcc_generated_files/drivers/uart.o \
  build/default/debug/mcc_generated_files/drivers/i2c_types.o \
  build/default/debug/mcc_generated_files/drivers/i2c_master.o \
  build/default/debug/mcc_generated_files/examples/uart_example.o \
  build/default/debug/mcc_generated_files/traps.o \
  build/default/debug/mcc_generated_files/system.o \
  build/default/debug/mcc_generated_files/uart2.o \
  build/default/debug/mcc_generated_files/pin_manager.o \
  build/default/debug/mcc_generated_files/mcc.o \
  build/default/debug/mcc_generated_files/interrupt_manager.o \
  build/default/debug/mcc_generated_files/i2c1_driver.o \
  build/default/debug/mcc_generated_files/delay.o \
  build/default/debug/mcc_generated_files/clock.o \
  build/default/debug/main.o \
  build/default/debug/oledb.o \
  build/default/debug/temp_hum.o \
  build/default/debug/oledb_resources.o \
  build/default/debug/sgp30.o \
  build/default/debug/sps30.o \
  --local-stack \
  --defsym=__MPLAB_BUILD=1 \
  --defsym=__MPLAB_DEBUG=1 \
  --defsym=__DEBUG=1 \
  -Tp24FJ128GA705.gld.07 \
  --stack=16 \
  --check-sections \
  --data-init \
  --pack-data \
  --handles \
  --isr \
  --no-gc-sections \
  --fill-upper=0 \
  --stackguard=16 \
  --no-force-link \
  --smart-io \
  -Map=dist/default/debug/temp&hum_oledb.X.debug.map \
  --report-mem \
  --memorysummary \
  dist/default/debug/memoryfile.xml \
  -start-group \
  --library=c99-pic30-elf \
  --library=m-elf \
  --library=c99-elf \
  -end-group \


Optional library libpPIC24Fxxx.a not found
Archive member included because of file (symbol)

c:/program files/microchip/xc16/v2.10/bin/bin/../../lib\libc99-pic30-elf.a(crt0_extended24.o)
                              (__resetPRI)
c:/program files/microchip/xc16/v2.10/bin/bin/../../lib\libc99-pic30-elf.a(data_init_24.o)
                              c:/program files/microchip/xc16/v2.10/bin/bin/../../lib\libc99-pic30-elf.a(crt0_extended24.o) (__data_init_da)
c:/program files/microchip/xc16/v2.10/bin/bin/../../lib\libc99-pic30-elf.a(crt_start_mode_normalda.Meo)
                              (__crt_start_mode_normal)
c:/program files/microchip/xc16/v2.10/bin/bin/../../lib\libc99-pic30-elf.a(delay32da.Meo)
                              build/default/debug/mcc_generated_files/i2c1_driver.o (___delay32)
c:/program files/microchip/xc16/v2.10/bin/bin/../../lib\libc99-pic30-elf.a(fixsfsi.DA_o)
                              build/default/debug/main.o (_(float, int, long long, short, float, short, int))
c:/program files/microchip/xc16/v2.10/bin/bin/../../lib\libc99-pic30-elf.a(fixunssfsi.DA_o)
                              build/default/debug/sgp30.o (___fixunssfsi)
c:/program files/microchip/xc16/v2.10/bin/bin/../../lib\libc99-pic30-elf.a(floatunsisf.DA_o)
                              build/default/debug/main.o (___floatunsisf)
c:/program files/microchip/xc16/v2.10/bin/bin/../../lib\libc99-pic30-elf.a(funpack.DA_o)
                              c:/program files/microchip/xc16/v2.10/bin/bin/../../lib\libc99-pic30-elf.a(fixsfsi.DA_o) (__funpack)
c:/program files/microchip/xc16/v2.10/bin/bin/../../lib\libc99-pic30-elf.a(addsf3x.DA_o)
                              build/default/debug/main.o (___subsf3)
c:/program files/microchip/xc16/v2.10/bin/bin/../../lib\libc99-pic30-elf.a(divsf3x.DA_o)
                              build/default/debug/sgp30.o (___divsf3)
[...]
Memory Configuration

Name             Origin             Length             Attributes
data             0x000800           0x004000           a !xr
reset            0x000000           0x000004  
ivt              0x000004           0x0000fc  
program          0x000100           0x015e00           xr
FSEC             0x015f00           0x000002  
FBSLIM           0x015f10           0x000002  
FSIGN            0x015f14           0x000002  
FOSCSEL          0x015f18           0x000002  
FOSC             0x015f1c           0x000002  
FWDT             0x015f20           0x000002  
FPOR             0x015f24           0x000002  
FICD             0x015f28           0x000002  
FDEVOPT1         0x015f2c           0x000002  
*default*        0x000000           0xffffffff  

Linker script and memory map


reserve_data_0x800
                    0x0800         0x1c
                    0x081c                  . = 0x1c
 *fill*             0x0800         0x1c00

reserve_data_0x81c
                    0x081c          0x2
                    0x081e                  . = 0x2
 *fill*             0x081c          0x200

reserve_data_0x81e
                    0x081e          0x2
                    0x0820                  . = 0x2
 *fill*             0x081e          0x200

reserve_data_0x820
                    0x0820          0x2
                    0x0822                  . = 0x2
 *fill*             0x0820          0x200

reserve_data_0x822
                    0x0822          0x2
                    0x0824                  . = 0x2
 *fill*             0x0822          0x200

reserve_data_0x824
                    0x0824          0x4
                    0x0828                  . = 0x4
 *fill*             0x0824          0x400

reserve_data_0x82a
                    0x082a         0x26
                    0x0850                  . = 0x26
 *fill*             0x082a         0x2600
LOAD build/default/debug/mcc_generated_files/drivers/i2c_simple_master.o
LOAD build/default/debug/mcc_generated_files/drivers/uart.o
LOAD build/default/debug/mcc_generated_files/drivers/i2c_types.o
LOAD build/default/debug/mcc_generated_files/drivers/i2c_master.o
LOAD build/default/debug/mcc_generated_files/examples/uart_example.o
LOAD build/default/debug/mcc_generated_files/traps.o
LOAD build/default/debug/mcc_generated_files/system.o
LOAD build/default/debug/mcc_generated_files/uart2.o
LOAD build/default/debug/mcc_generated_files/pin_manager.o
LOAD build/default/debug/mcc_generated_files/mcc.o
LOAD build/default/debug/mcc_generated_files/interrupt_manager.o
LOAD build/default/debug/mcc_generated_files/i2c1_driver.o
LOAD build/default/debug/mcc_generated_files/delay.o
LOAD build/default/debug/mcc_generated_files/clock.o
LOAD build/default/debug/main.o
LOAD build/default/debug/oledb.o
LOAD build/default/debug/temp_hum.o
LOAD build/default/debug/oledb_resources.o
LOAD build/default/debug/sgp30.o
LOAD build/default/debug/sps30.o
                    0x0001                  __MPLAB_BUILD = 0x1
                    0x0001                  __MPLAB_DEBUG = 0x1
                    0x0001                  __DEBUG = 0x1
LOAD pPIC24Fxxx
LOAD c:/program files/microchip/xc16/v2.10/bin/bin/../../lib\libfx-elf.a
                    0x15f00                  __FSEC = 0x15f00
                    0x15f10                  __FBSLIM = 0x15f10
                    0x15f14                  __FSIGN = 0x15f14
                    0x15f18                  __FOSCSEL = 0x15f18
                    0x15f1c                  __FOSC = 0x15f1c
                    0x15f20                  __FWDT = 0x15f20
                    0x15f24                  __FPOR = 0x15f24
                    0x15f28                  __FICD = 0x15f28
                    0x15f2c                  __FDEVOPT1 = 0x15f2c
                    0x0100                  __CODE_BASE = 0x100
                    0x15e00                  __CODE_LENGTH = 0x15e00
                    0x0004                  __IVT_BASE = 0x4
                    0x0800                  __DATA_BASE = 0x800
                    0x4000                  __DATA_LENGTH = 0x4000

.reset            0x000000          0x4
                  0x000000          0x2 SHORT 0x100 ABSOLUTE (__reset)
                  0x000001          0x2 SHORT 0x4
                  0x000002          0x2 SHORT 0x0 ((ABSOLUTE (__reset) >> 0x10) & 0x7f)
                  0x000003          0x2 SHORT 0x0

.text             0x000100       0x3126
 *(.init)
 .init            0x000100         0x4c c:/program files/microchip/xc16/v2.10/bin/bin/../../lib\libc99-pic30-elf.a(crt0_extended24.o)
                  0x000100                  __resetPRI
                  0x000100                  __reset
                  0x00013c                  __psv_init
 .init            0x00014c         0xb8 c:/program files/microchip/xc16/v2.10/bin/bin/../../lib\libc99-pic30-elf.a(data_init_24.o)
                  0x000152                  __data_init
                  0x000152                  __data_init_da
 *(.user_init)
 *(.handle)
 .handle          0x000204         0x9c jump_table
 *(.isr*)
 .isr.text        0x0002a0         0xa2 build/default/debug/mcc_generated_files/traps.o
                  0x0002a0                  __OscillatorFail
                  0x0002c0                  __StackError
                  0x0002e2                  __AddressError
                  0x000302                  __MathError
                  0x000322                  __NVMError
 .isr.text        0x000342         0x52 build/default/debug/mcc_generated_files/uart2.o
                  0x000342                  __U2TXInterrupt
                  0x000360                  __U2RXInterrupt
                  0x00037e                  __U2ErrInterrupt
 .isr.text        0x000394         0x3c build/default/debug/mcc_generated_files/i2c1_driver.o
                  0x000394                  __MI2C1Interrupt
                  0x0003b2                  __SI2C1Interrupt
 .isr             0x0003d0          0x4 default_isr
                  0x0003d0                  __DefaultInterrupt
 *(.libc)
 .libc            0x0003d4         0x12 c:/program files/microchip/xc16/v2.10/bin/bin/../../lib\libc99-pic30-elf.a(closeda.Meo)
                  0x0003d4                  _close
 .libc            0x0003e6         0x84 c:/program files/microchip/xc16/v2.10/bin/bin/../../lib\libc99-pic30-elf.a(writeda.Meo)
                  0x0003e6                  _write
 *(.libm)
 *(.libdsp)
 *(.lib*)
 .libpic30_crt_start_mode
                  0x00046a          0x2 c:/program files/microchip/xc16/v2.10/bin/bin/../../lib\libc99-pic30-elf.a(crt_start_mode_normalda.Meo)
                  0x00046a                  __crt_start_mode
                  0x00046a                  __crt_start_mode_normal
 .libm.fixsfsi    0x00046c         0x42 c:/program files/microchip/xc16/v2.10/bin/bin/../../lib\libc99-pic30-elf.a(fixsfsi.DA_o)
                  0x00046c                  _(float, int, long long, short, float, short, int)
 .libm.fixunssfsi
                  0x0004ae         0x36 c:/program files/microchip/xc16/v2.10/bin/bin/../../lib\libc99-pic30-elf.a(fixunssfsi.DA_o)
                  0x0004ae                  ___fixunssfsi
 .libm.floatunsisf
                  0x0004e4          0x4 c:/program files/microchip/xc16/v2.10/bin/bin/../../lib\libc99-pic30-elf.a(floatunsisf.DA_o)
                  0x0004e4                  ___floatunsisf
 .libm.funpack    0x0004e8         0x2a c:/program files/microchip/xc16/v2.10/bin/bin/../../lib\libc99-pic30-elf.a(funpack.DA_o)
                  0x0004e8                  __funpack
 .libmx           0x000512        0x1dc c:/program files/microchip/xc16/v2.10/bin/bin/../../lib\libc99-pic30-elf.a(addsf3x.DA_o)
                  0x000512                  ___subsf3x
                  0x000512                  ___subsf3
                  0x000524                  ___addsf3x
                  0x000524                  ___addsf3
 .libmx           0x0006ee        0x1be c:/program files/microchip/xc16/v2.10/bin/bin/../../lib\libc99-pic30-elf.a(divsf3x.DA_o)
                  0x0006ee                  ___divsf3x
                  0x0006ee                  ___divsf3
                  0x000880                  __sdivf
 .libmx           0x0008ac        0x10c c:/program files/microchip/xc16/v2.10/bin/bin/../../lib\libc99-pic30-elf.a(mulsf3x.DA_o)
                  0x0008ac                  ___mulsf3x
                  0x0008ac                  ___mulsf3
 .libmx           0x0009b8         0x54 c:/program files/microchip/xc16/v2.10/bin/bin/../../lib\libc99-pic30-elf.a(dnrmpackfx.DA_o)
                  0x0009b8                  __dnrmpackf
 .libmx           0x000a0c         0x5e c:/program files/microchip/xc16/v2.10/bin/bin/../../lib\libc99-pic30-elf.a(unpackdnrmfx.DA_o)
                  0x000a0c                  __unpackdnrmf
 .libmx           0x000a6a         0x34 c:/program files/microchip/xc16/v2.10/bin/bin/../../lib\libc99-pic30-elf.a(typefx.DA_o)
                  0x000a6a                  __typef
 .libmx           0x000a9e         0x12 c:/program files/microchip/xc16/v2.10/bin/bin/../../lib\libc99-pic30-elf.a(propnanfx.DA_o)
                  0x000a9e                  __propnanf
 .libmx           0x000ab0         0xa6 c:/program files/microchip/xc16/v2.10/bin/bin/../../lib\libc99-pic30-elf.a(spackfx.DA_o)
                  0x000ab0                  __spackf
 .libmx           0x000b56         0x66 c:/program files/microchip/xc16/v2.10/bin/bin/../../lib\libc99-pic30-elf.a(unpackfx.DA_o)
                  0x000b56                  __unpackf
 .libm.floatundisf
                  0x000bbc         0x5e c:/program files/microchip/xc16/v2.10/bin/bin/../../lib\libc99-pic30-elf.a(floatundisf.DA_o)
                  0x000bbc                  ___floatundisf
 .libm.fpack      0x000c1a         0x4c c:/program files/microchip/xc16/v2.10/bin/bin/../../lib\libc99-pic30-elf.a(fpack.DA_o)
                  0x000c1a                  __fpack
 .libc.modff      0x000c66         0x76 c:/program files/microchip/xc16/v2.10/bin/bin/../../lib\libm-elf.a(modff.DA_o)
                  0x000c66                  _modff
 .libc.powf       0x000cdc        0x7c0 c:/program files/microchip/xc16/v2.10/bin/bin/../../lib\libm-elf.a(powf.DA_o)
                  0x000cdc                  _powf
 .libc.scalbnf    0x00149c         0x54 c:/program files/microchip/xc16/v2.10/bin/bin/../../lib\libm-elf.a(scalbnf.DA_o)
                  0x00149c                  _scalbnf
 .libc.sqrtf      0x0014f0        0x114 c:/program files/microchip/xc16/v2.10/bin/bin/../../lib\libm-elf.a(sqrtf.DA_o)
                  0x0014f0                  _sqrtf
 .libc.fabsf      0x001604          0xa c:/program files/microchip/xc16/v2.10/bin/bin/../../lib\libm-elf.a(fabsf.DA_o)
                  0x001604                  _fabsf
 .libc.__wrap_printf
                  0x00160e         0x10 c:/program files/microchip/xc16/v2.10/bin/bin/../../lib\libc99-elf.a(__sio_printf_0.DA_o)
                  0x00160e                  __printf_0
                  0x00160e                  __dprintf_0
 .libc.__sio_printf_0
                  0x00161e          0x2 c:/program files/microchip/xc16/v2.10/bin/bin/../../lib\libc99-elf.a(__sio_printf_0.DA_o)
                  0x00161e                  ___sio_printf_0
 .libc.__wrap_printf
                  0x001620         0x10 c:/program files/microchip/xc16/v2.10/bin/bin/../../lib\libc99-elf.a(__sio_printf_dfoux.DA_o)
                  0x001620                  __printf_cdgGnopuxX
                  0x001620                  __printf_cdeEfFgGnopuxX
                  0x001620                  __printf_cdfFnopuxX
                  0x001620                  __dprintf_cdeEfFgGnopuxX
                  0x001620                  __dprintf_cdgGnopuxX
                  0x001620                  __dprintf_cdeEgGnopuxX
                  0x001620                  __dprintf_cdeEfFnopuxX
                  0x001620                  __printf_cdeEgGnopuxX
                  0x001620                  __printf_cdeEnopuxX
                  0x001620                  __printf_cdeEfFnopuxX
                  0x001620                  __dprintf_cdfFnopuxX
                  0x001620                  __dprintf_cdfFgGnopuxX
                  0x001620                  __dprintf_cdeEnopuxX
                  0x001620                  __printf_cdfFgGnopuxX
 .libc.__sio_printf_dfoux
                  0x001630         0x12 c:/program files/microchip/xc16/v2.10/bin/bin/../../lib\libc99-elf.a(__sio_printf_dfoux.DA_o)
                  0x001630                  ___sio_printf_dfoux
 .libc.__wrap_printf
                  0x001642         0x10 c:/program files/microchip/xc16/v2.10/bin/bin/../../lib\libc99-elf.a(__sio_printf_doux.DA_o)
                  0x001642                  __printf_cdnopuxX
                  0x001642                  __dprintf_cdnopuxX
 .libc.__sio_printf_doux
                  0x001652          0xe c:/program files/microchip/xc16/v2.10/bin/bin/../../lib\libc99-elf.a(__sio_printf_doux.DA_o)
                  0x001652                  ___sio_printf_doux
 .libc.memcpy     0x001660          0xe c:/program files/microchip/xc16/v2.10/bin/bin/../../lib\libc99-elf.a(memcpy.DA_o)
                  0x001660                  _memcpy
 .libc.memset     0x00166e         0xc8 c:/program files/microchip/xc16/v2.10/bin/bin/../../lib\libc99-elf.a(memset.DA_o)
                  0x00166e                  _memset
 .libc.putchar    0x001736          0x6 c:/program files/microchip/xc16/v2.10/bin/bin/../../lib\libc99-elf.a(putchar.DA_o)
                  0x001736                  _putchar
 .libc.__dummy0
                  0x00173c          0x2 c:/program files/microchip/xc16/v2.10/bin/bin/../../lib\libc99-elf.a(stdout.DA_o)
                  0x00173c                  ___stdio_seek
 .libc.__dummy    0x00173e          0x4 c:/program files/microchip/xc16/v2.10/bin/bin/../../lib\libc99-elf.a(stdout.DA_o)
                  0x00173e                  ___get_stdout
 .libc.__init_stdout
                  0x001742          0x8 c:/program files/microchip/xc16/v2.10/bin/bin/../../lib\libc99-elf.a(stdout.DA_o)
                  0x001742                  ___init_stdout
 .libc.strlen     0x00174a         0x30 c:/program files/microchip/xc16/v2.10/bin/bin/../../lib\libc99-elf.a(strlen.DA_o)
                  0x00174a                  _strlen
 .libc.strncpy    0x00177a          0xe c:/program files/microchip/xc16/v2.10/bin/bin/../../lib\libc99-elf.a(strncpy.DA_o)
                  0x00177a                  _strncpy
 .libc.__fmt_d    0x001788         0xb2 c:/program files/microchip/xc16/v2.10/bin/bin/../../lib\libc99-elf.a(__fmt_d.DA_o)
                  0x001788                  ___fmt_d
                  0x001788                  ___fmt_d_needed
 .libc.__LONG_DOUBLE_BITS
                  0x00183a          0x2 c:/program files/microchip/xc16/v2.10/bin/bin/../../lib\libc99-elf.a(__fmt_fp.DA_o)
 .libc.__fmt_fp
                  0x00183c        0x5b6 c:/program files/microchip/xc16/v2.10/bin/bin/../../lib\libc99-elf.a(__fmt_fp.DA_o)
                  0x00183c                  ___fmt_f_needed
                  0x00183c                  ___fmt_fp
 .libc.__fmt_o    0x001df2         0x6a c:/program files/microchip/xc16/v2.10/bin/bin/../../lib\libc99-elf.a(__fmt_o.DA_o)
                  0x001df2                  ___fmt_o
                  0x001df2                  ___fmt_o_needed
 .libc.__fmt_s    0x001e5c         0x54 c:/program files/microchip/xc16/v2.10/bin/bin/../../lib\libc99-elf.a(__fmt_s.DA_o)
                  0x001e5c                  ___fmt_0_needed
                  0x001e5c                  ___fmt_s_needed
                  0x001e5c                  ___fmt_s
 .libc.__cvt_u    0x001eb0         0xa6 c:/program files/microchip/xc16/v2.10/bin/bin/../../lib\libc99-elf.a(__fmt_u.DA_o)
                  0x001eb0                  ___cvt_u
 .libc.__fmt_u    0x001f56         0x52 c:/program files/microchip/xc16/v2.10/bin/bin/../../lib\libc99-elf.a(__fmt_u.DA_o)
                  0x001f56                  ___fmt_u
                  0x001f56                  ___fmt_u_needed
 .libc.__fmt_x    0x001fa8        0x14a c:/program files/microchip/xc16/v2.10/bin/bin/../../lib\libc99-elf.a(__fmt_x.DA_o)
                  0x001fa8                  ___fmt_x_needed
                  0x001fa8                  ___fmt_x
 .libc.__vfprintf
                  0x0020f2         0x1c c:/program files/microchip/xc16/v2.10/bin/bin/../../lib\libc99-elf.a(__int_vfprintf.DA_o)
                  0x0020f2                  ___vfprintf
 .libc.__string_out
                  0x00210e         0x26 c:/program files/microchip/xc16/v2.10/bin/bin/../../lib\libc99-elf.a(__out.DA_o)
 .libc.__fwrite_min
                  0x002134          0x4 c:/program files/microchip/xc16/v2.10/bin/bin/../../lib\libc99-elf.a(__out.DA_o)
                  0x002134                  ___fwrite
                  0x002134                  ___stdio_write
                  0x002134                  ___stdio_write_unbuffered
 .libc.__out      0x002138         0x10 c:/program files/microchip/xc16/v2.10/bin/bin/../../lib\libc99-elf.a(__out.DA_o)
                  0x002138                  ___out_needed
                  0x002138                  ___out
 .libc.__pop_float
                  0x002148         0x3e c:/program files/microchip/xc16/v2.10/bin/bin/../../lib\libc99-elf.a(__pop_float.DA_o)
                  0x002148                  ___pop_float
                  0x002148                  ___pop_float_needed
 .libc.__pop_int
                  0x002186         0xa8 c:/program files/microchip/xc16/v2.10/bin/bin/../../lib\libc99-elf.a(__pop_int.DA_o)
                  0x002186                  ___pop_int
                  0x002186                  ___pop_int_needed
 .libc.__pop_ptr
                  0x00222e         0x70 c:/program files/microchip/xc16/v2.10/bin/bin/../../lib\libc99-elf.a(__pop_ptr.DA_o)
                  0x00222e                  ___pop_ptr_needed
                  0x00222e                  ___pop_ptr
 .libc.__string_out
                  0x00229e         0x26 c:/program files/microchip/xc16/v2.10/bin/bin/../../lib\libc99-elf.a(__printf_core.DA_o)
 .libc.__pad      0x0022c4         0x74 c:/program files/microchip/xc16/v2.10/bin/bin/../../lib\libc99-elf.a(__printf_core.DA_o)
                  0x0022c4                  ___pad
 .libc.__dummy_fmt3
                  0x002338          0x2 c:/program files/microchip/xc16/v2.10/bin/bin/../../lib\libc99-elf.a(__printf_core.DA_o)
 .libc.__dummy_fmt4
                  0x00233a          0x2 c:/program files/microchip/xc16/v2.10/bin/bin/../../lib\libc99-elf.a(__printf_core.DA_o)
                  0x00233a                  ___fmt_a
 .libc.__dummy_fmts
                  0x00233c          0x2 c:/program files/microchip/xc16/v2.10/bin/bin/../../lib\libc99-elf.a(__printf_core.DA_o)
 .libc.__fmt_state
                  0x00233e         0x2c c:/program files/microchip/xc16/v2.10/bin/bin/../../lib\libc99-elf.a(__printf_core.DA_o)
                  0x00233e                  ___fmt_state
 .libc.vfpfcnvrt.clone.0
                  0x00236a        0x2d8 c:/program files/microchip/xc16/v2.10/bin/bin/../../lib\libc99-elf.a(__printf_core.DA_o)
 .libc.__printf_core
                  0x002642         0x40 c:/program files/microchip/xc16/v2.10/bin/bin/../../lib\libc99-elf.a(__printf_core.DA_o)
                  0x002642                  ___printf_core
 .libc.__stdio_close
                  0x002682         0x3e c:/program files/microchip/xc16/v2.10/bin/bin/../../lib\libc99-elf.a(__stdio_close.DA_o)
                  0x002682                  ___stdio_close
 .libc.__stdio_close_rw
                  0x0026c0         0x58 c:/program files/microchip/xc16/v2.10/bin/bin/../../lib\libc99-elf.a(__stdio_close.DA_o)
                  0x0026c0                  ___stdio_close_rw
 .libc.__isspace
                  0x002718         0x14 c:/program files/microchip/xc16/v2.10/bin/bin/../../lib\libc99-elf.a(atoi.DA_o)
 .libc.atoi       0x00272c         0x4c c:/program files/microchip/xc16/v2.10/bin/bin/../../lib\libc99-elf.a(atoi.DA_o)
                  0x00272c                  _atoi
 .libc.__lseek    0x002778          0xc c:/program files/microchip/xc16/v2.10/bin/bin/../../lib\libc99-elf.a(lseek.DA_o)
                  0x002778                  _lseek
                  0x002778                  ___lseek
 .libc.__putc_unbuffered
                  0x002784         0x2e c:/program files/microchip/xc16/v2.10/bin/bin/../../lib\libc99-elf.a(putc.DA_o)
                  0x002784                  ___putc
                  0x002784                  ___putc_unbuffered
 .libc.putc       0x0027b2          0x2 c:/program files/microchip/xc16/v2.10/bin/bin/../../lib\libc99-elf.a(putc.DA_o)
                  0x0027b2                  _putc
                  0x0027b2                  _fputc
                  0x0027b2                  _putc_unlocked
                  0x0027b2                  __IO_putc
 .libc.__stpncpy
                  0x0027b4         0x6a c:/program files/microchip/xc16/v2.10/bin/bin/../../lib\libc99-elf.a(stpncpy.DA_o)
                  0x0027b4                  _stpncpy
                  0x0027b4                  ___stpncpy
 .libc.strcpy     0x00281e          0xe c:/program files/microchip/xc16/v2.10/bin/bin/../../lib\libc99-elf.a(strcpy.DA_o)
                  0x00281e                  _strcpy
 .libc.__syscall_ret
                  0x00282c         0x14 c:/program files/microchip/xc16/v2.10/bin/bin/../../lib\libc99-elf.a(syscall_ret.DA_o)
                  0x00282c                  ___syscall_ret
 .libc.tolower    0x002840          0xc c:/program files/microchip/xc16/v2.10/bin/bin/../../lib\libc99-elf.a(tolower.DA_o)
                  0x002840                  _tolower
 .libc.__tolower_l
                  0x00284c          0x2 c:/program files/microchip/xc16/v2.10/bin/bin/../../lib\libc99-elf.a(tolower.DA_o)
                  0x00284c                  ___tolower_l
                  0x00284c                  _tolower_l
 .libc.toupper    0x00284e          0xc c:/program files/microchip/xc16/v2.10/bin/bin/../../lib\libc99-elf.a(toupper.DA_o)
                  0x00284e                  _toupper
 .libc.__toupper_l
                  0x00285a          0x2 c:/program files/microchip/xc16/v2.10/bin/bin/../../lib\libc99-elf.a(toupper.DA_o)
                  0x00285a                  ___toupper_l
                  0x00285a                  _toupper_l
 .libc.__dummy    0x00285c          0x2 c:/program files/microchip/xc16/v2.10/bin/bin/../../lib\libc99-elf.a(__init_stdio.DA_o)
                  0x00285c                  ___init_stderr
                  0x00285c                  ___init_stdin
 .libc.__init_stdio
                  0x00285e          0x6 c:/program files/microchip/xc16/v2.10/bin/bin/../../lib\libc99-elf.a(__init_stdio.DA_o)
                  0x00285e                  ___init_stdio
                  0x00285e                  ___init_stdio_needed
 .libc.__stpcpy
                  0x002864         0x40 c:/program files/microchip/xc16/v2.10/bin/bin/../../lib\libc99-elf.a(stpcpy.DA_o)
                  0x002864                  ___stpcpy
                  0x002864                  _stpcpy
 .libc.doclose    0x0028a4          0x4 c:/program files/microchip/xc16/v2.10/bin/bin/../../lib\libc99-pic30-elf.a(closeda.Meo)
 .libc.dowrite    0x0028a8          0x4 c:/program files/microchip/xc16/v2.10/bin/bin/../../lib\libc99-pic30-elf.a(writeda.Meo)
 .libm.eqdf2      0x0028ac          0xa c:/program files/microchip/xc16/v2.10/bin/bin/../../lib\libc99-pic30-elf.a(deqltle.DA_o)
                  0x0028ac                  ___eqdf2
                  0x0028ac                  ___ltdf2
                  0x0028ac                  ___ledf2
 .libm.gtdf2      0x0028b6          0xa c:/program files/microchip/xc16/v2.10/bin/bin/../../lib\libc99-pic30-elf.a(dgtge.DA_o)
                  0x0028b6                  ___gtdf2
                  0x0028b6                  ___gedf2
 .libm.extendsfdf2
                  0x0028c0         0x3e c:/program files/microchip/xc16/v2.10/bin/bin/../../lib\libc99-pic30-elf.a(extendsfdf.DA_o)
                  0x0028c0                  ___extendsfdf2
 .libm.eqsf2      0x0028fe          0x4 c:/program files/microchip/xc16/v2.10/bin/bin/../../lib\libc99-pic30-elf.a(feqltle.DA_o)
                  0x0028fe                  ___eqsf2
                  0x0028fe                  ___ltsf2
                  0x0028fe                  ___lesf2
 .libm.gtsf2      0x002902          0x4 c:/program files/microchip/xc16/v2.10/bin/bin/../../lib\libc99-pic30-elf.a(fgtge.DA_o)
                  0x002902                  ___gesf2
                  0x002902                  ___gtsf2
 .libm.fixdfsi    0x002906         0x58 c:/program files/microchip/xc16/v2.10/bin/bin/../../lib\libc99-pic30-elf.a(fixdfsi.DA_o)
                  0x002906                  _(float, int, long long, double, float, short, int)
 .libm.floatsisf
                  0x00295e          0x6 c:/program files/microchip/xc16/v2.10/bin/bin/../../lib\libc99-pic30-elf.a(floatsisf.DA_o)
                  0x00295e                  ___floatsisf
 .libm.mulsi3     0x002964          0xc c:/program files/microchip/xc16/v2.10/bin/bin/../../lib\libc99-pic30-elf.a(mulsi3.DA_o)
                  0x002964                  ___mulp32peds3
                  0x002964                  ___mulsi3
                  0x002964                  ___mulp32eds3
 .lib_dpfops      0x002970         0xa2 c:/program files/microchip/xc16/v2.10/bin/bin/../../lib\libc99-pic30-elf.a(dpadd.DA_o)
                  0x002970                  ___subdf3
                  0x00297c                  ___adddf3
 .lib_dpfops      0x002a12        0x15e c:/program files/microchip/xc16/v2.10/bin/bin/../../lib\libc99-pic30-elf.a(dpdiv.DA_o)
                  0x002a12                  ___divdf3
 .lib_dpfops      0x002b70        0x11a c:/program files/microchip/xc16/v2.10/bin/bin/../../lib\libc99-pic30-elf.a(dpmul.DA_o)
                  0x002b70                  ___muldf3
 .lib_dpfops      0x002c8a        0x128 c:/program files/microchip/xc16/v2.10/bin/bin/../../lib\libc99-pic30-elf.a(dpsubs.DA_o)
                  0x002ca4                  __dxchg
                  0x002cb2                  __drshft
                  0x002d0c                  __dupchk
                  0x002d6e                  __drndex
                  0x002d78                  __dnsrnd
                  0x002da4                  __dpakex
 .libm.__PplusBdi
                  0x002db2         0x26 c:/program files/microchip/xc16/v2.10/bin/bin/../../lib\libc99-pic30-elf.a(divmoddi3.DA_o)
 .libm.__PminusBdi
                  0x002dd8         0x26 c:/program files/microchip/xc16/v2.10/bin/bin/../../lib\libc99-pic30-elf.a(divmoddi3.DA_o)
 .libm.__udivmoddi3
                  0x002dfe         0xe6 c:/program files/microchip/xc16/v2.10/bin/bin/../../lib\libc99-pic30-elf.a(divmoddi3.DA_o)
                  0x002dfe                  ___udivmoddi3
 .libm.__udivdi3
                  0x002ee4          0xe c:/program files/microchip/xc16/v2.10/bin/bin/../../lib\libc99-pic30-elf.a(divmoddi3.DA_o)
                  0x002ee4                  ___udivdi3
 .libm.__umoddi3
                  0x002ef2          0x8 c:/program files/microchip/xc16/v2.10/bin/bin/../../lib\libc99-pic30-elf.a(divmoddi3.DA_o)
                  0x002ef2                  ___umoddi3
 .libm.__divdi3
                  0x002efa         0x60 c:/program files/microchip/xc16/v2.10/bin/bin/../../lib\libc99-pic30-elf.a(divmoddi3.DA_o)
                  0x002efa                  ___divdi3
 .libm.__moddi3
                  0x002f5a         0x5c c:/program files/microchip/xc16/v2.10/bin/bin/../../lib\libc99-pic30-elf.a(divmoddi3.DA_o)
                  0x002f5a                  ___moddi3
 .libm.dcompare
                  0x002fb6         0x52 c:/program files/microchip/xc16/v2.10/bin/bin/../../lib\libc99-pic30-elf.a(dcompare.DA_o)
                  0x002fb6                  __dcompare
 .libm.dtype      0x003008         0x24 c:/program files/microchip/xc16/v2.10/bin/bin/../../lib\libc99-pic30-elf.a(dtype.DA_o)
                  0x003008                  __dtype
 .libm.dunpack    0x00302c         0x4e c:/program files/microchip/xc16/v2.10/bin/bin/../../lib\libc99-pic30-elf.a(dunpack.DA_o)
                  0x00302c                  __dunpack
 .libm.dunpack2
                  0x00307a         0x32 c:/program files/microchip/xc16/v2.10/bin/bin/../../lib\libc99-pic30-elf.a(dunpack2.DA_o)
                  0x00307a                  __dunpack2
                  0x00309c                  __dreturnNaN
                  0x0030a2                  __dunpack2exit
 .libm.fcompare
                  0x0030ac         0x36 c:/program files/microchip/xc16/v2.10/bin/bin/../../lib\libc99-pic30-elf.a(fcompare.DA_o)
                  0x0030ac                  __fcompare
 .libm.floatdisf
                  0x0030e2         0x20 c:/program files/microchip/xc16/v2.10/bin/bin/../../lib\libc99-pic30-elf.a(floatdisf.DA_o)
                  0x0030e2                  ___floatdisf
 .libm.funpack2
                  0x003102         0x10 c:/program files/microchip/xc16/v2.10/bin/bin/../../lib\libc99-pic30-elf.a(funpack2.DA_o)
                  0x003102                  __funpack2
 .libm.dPropagateNaN
                  0x003112         0x1c c:/program files/microchip/xc16/v2.10/bin/bin/../../lib\libc99-pic30-elf.a(dpropagateNaN.DA_o)
                  0x003112                  __dPropagateNaN
 .libc.floorl     0x00312e         0xf8 c:/program files/microchip/xc16/v2.10/bin/bin/../../lib\libm-elf.a(floorl.DA_o)
                  0x00312e                  _floorl

usercode
 *(usercode)

__FSEC            0x015f00          0x2
 *(__FSEC.sec*)
 __FSEC.sec       0x015f00          0x2 /CW/_FSEC
                  0x015f00                  __FSEC.sec

__FBSLIM
 *(__FBSLIM.sec*)

__FSIGN
 *(__FSIGN.sec*)

__FOSCSEL
 *(__FOSCSEL.sec*)

__FOSC
 *(__FOSC.sec*)

__FWDT
 *(__FWDT.sec*)

__FPOR
 *(__FPOR.sec*)

__FICD
 *(__FICD.sec*)

__FDEVOPT1
 *(__FDEVOPT1.sec*)

.comment
 *(.comment)

.debug_info       0x000000       0xa798
 *(.debug_info)
 .debug_info      0x000000        0x914 build/default/debug/mcc_generated_files/drivers/i2c_simple_master.o
 .debug_info      0x000914        0x4b9 build/default/debug/mcc_generated_files/drivers/uart.o
 .debug_info      0x000dcd        0x29a build/default/debug/mcc_generated_files/drivers/i2c_types.o
 .debug_info      0x001067        0xc73 build/default/debug/mcc_generated_files/drivers/i2c_master.o
 .debug_info      0x001cda        0x3a7 build/default/debug/mcc_generated_files/examples/uart_example.o
 .debug_info      0x002081        0x430 build/default/debug/mcc_generated_files/traps.o
 .debug_info      0x0024b1        0x352 build/default/debug/mcc_generated_files/system.o
 .debug_info      0x002803       0x1089 build/default/debug/mcc_generated_files/uart2.o
 .debug_info      0x00388c        0x4d1 build/default/debug/mcc_generated_files/pin_manager.o
 .debug_info      0x003d5d        0x79f build/default/debug/mcc_generated_files/interrupt_manager.o
 .debug_info      0x0044fc       0x10dc build/default/debug/mcc_generated_files/i2c1_driver.o
 .debug_info      0x0055d8        0x1d9 build/default/debug/mcc_generated_files/delay.o
 .debug_info      0x0057b1        0x375 build/default/debug/mcc_generated_files/clock.o
 .debug_info      0x005b26        0x9f8 build/default/debug/main.o
 .debug_info      0x00651e        0x4ad build/default/debug/oledb.o
 .debug_info      0x0069cb        0x1bc build/default/debug/temp_hum.o
 .debug_info      0x006b87        0x1ca build/default/debug/oledb_resources.o
 .debug_info      0x006d51        0xd87 build/default/debug/sgp30.o
 .debug_info      0x007ad8       0x185b build/default/debug/sps30.o
 .debug_info      0x009333         0x8d c:/program files/microchip/xc16/v2.10/bin/bin/../../lib\libc99-pic30-elf.a(fixsfsi.DA_o)
 .debug_info      0x0093c0         0x90 c:/program files/microchip/xc16/v2.10/bin/bin/../../lib\libc99-pic30-elf.a(fixunssfsi.DA_o)
 .debug_info      0x009450         0x91 c:/program files/microchip/xc16/v2.10/bin/bin/../../lib\libc99-pic30-elf.a(floatunsisf.DA_o)
 .debug_info      0x0094e1         0x8d c:/program files/microchip/xc16/v2.10/bin/bin/../../lib\libc99-pic30-elf.a(funpack.DA_o)
 .debug_info      0x00956e         0x9d c:/program files/microchip/xc16/v2.10/bin/bin/../../lib\libc99-pic30-elf.a(addsf3x.DA_o)
 .debug_info      0x00960b         0x9d c:/program files/microchip/xc16/v2.10/bin/bin/../../lib\libc99-pic30-elf.a(divsf3x.DA_o)
 .debug_info      0x0096a8         0x9d c:/program files/microchip/xc16/v2.10/bin/bin/../../lib\libc99-pic30-elf.a(mulsf3x.DA_o)
 .debug_info      0x009745         0xa0 c:/program files/microchip/xc16/v2.10/bin/bin/../../lib\libc99-pic30-elf.a(dnrmpackfx.DA_o)
 .debug_info      0x0097e5         0xa2 c:/program files/microchip/xc16/v2.10/bin/bin/../../lib\libc99-pic30-elf.a(unpackdnrmfx.DA_o)
 .debug_info      0x009887         0x9c c:/program files/microchip/xc16/v2.10/bin/bin/../../lib\libc99-pic30-elf.a(typefx.DA_o)
 .debug_info      0x009923         0x9f c:/program files/microchip/xc16/v2.10/bin/bin/../../lib\libc99-pic30-elf.a(propnanfx.DA_o)
 .debug_info      0x0099c2         0x9d c:/program files/microchip/xc16/v2.10/bin/bin/../../lib\libc99-pic30-elf.a(spackfx.DA_o)
 .debug_info      0x009a5f         0x9e c:/program files/microchip/xc16/v2.10/bin/bin/../../lib\libc99-pic30-elf.a(unpackfx.DA_o)
 .debug_info      0x009afd         0x91 c:/program files/microchip/xc16/v2.10/bin/bin/../../lib\libc99-pic30-elf.a(floatundisf.DA_o)
 .debug_info      0x009b8e         0x8b c:/program files/microchip/xc16/v2.10/bin/bin/../../lib\libc99-pic30-elf.a(fpack.DA_o)
 .debug_info      0x009c19         0x8d c:/program files/microchip/xc16/v2.10/bin/bin/../../lib\libc99-pic30-elf.a(deqltle.DA_o)
 .debug_info      0x009ca6         0x8b c:/program files/microchip/xc16/v2.10/bin/bin/../../lib\libc99-pic30-elf.a(dgtge.DA_o)
 .debug_info      0x009d31         0x90 c:/program files/microchip/xc16/v2.10/bin/bin/../../lib\libc99-pic30-elf.a(extendsfdf.DA_o)
 .debug_info      0x009dc1         0x8d c:/program files/microchip/xc16/v2.10/bin/bin/../../lib\libc99-pic30-elf.a(feqltle.DA_o)
 .debug_info      0x009e4e         0x8b c:/program files/microchip/xc16/v2.10/bin/bin/../../lib\libc99-pic30-elf.a(fgtge.DA_o)
 .debug_info      0x009ed9         0x8d c:/program files/microchip/xc16/v2.10/bin/bin/../../lib\libc99-pic30-elf.a(fixdfsi.DA_o)
 .debug_info      0x009f66         0x8f c:/program files/microchip/xc16/v2.10/bin/bin/../../lib\libc99-pic30-elf.a(floatsisf.DA_o)
 .debug_info      0x009ff5         0x8c c:/program files/microchip/xc16/v2.10/bin/bin/../../lib\libc99-pic30-elf.a(mulsi3.DA_o)
 .debug_info      0x00a081         0xa9 c:/program files/microchip/xc16/v2.10/bin/bin/../../lib\libc99-pic30-elf.a(dpadd.DA_o)
 .debug_info      0x00a12a         0xa9 c:/program files/microchip/xc16/v2.10/bin/bin/../../lib\libc99-pic30-elf.a(dpdiv.DA_o)
 .debug_info      0x00a1d3         0xa9 c:/program files/microchip/xc16/v2.10/bin/bin/../../lib\libc99-pic30-elf.a(dpmul.DA_o)
 .debug_info      0x00a27c         0xaa c:/program files/microchip/xc16/v2.10/bin/bin/../../lib\libc99-pic30-elf.a(dpsubs.DA_o)
 .debug_info      0x00a326         0x8e c:/program files/microchip/xc16/v2.10/bin/bin/../../lib\libc99-pic30-elf.a(dcompare.DA_o)
 .debug_info      0x00a3b4         0x8b c:/program files/microchip/xc16/v2.10/bin/bin/../../lib\libc99-pic30-elf.a(dtype.DA_o)
 .debug_info      0x00a43f         0x8d c:/program files/microchip/xc16/v2.10/bin/bin/../../lib\libc99-pic30-elf.a(dunpack.DA_o)
 .debug_info      0x00a4cc         0x8e c:/program files/microchip/xc16/v2.10/bin/bin/../../lib\libc99-pic30-elf.a(dunpack2.DA_o)
 .debug_info      0x00a55a         0x8e c:/program files/microchip/xc16/v2.10/bin/bin/../../lib\libc99-pic30-elf.a(fcompare.DA_o)
 .debug_info      0x00a5e8         0x8f c:/program files/microchip/xc16/v2.10/bin/bin/../../lib\libc99-pic30-elf.a(floatdisf.DA_o)
 .debug_info      0x00a677         0x8e c:/program files/microchip/xc16/v2.10/bin/bin/../../lib\libc99-pic30-elf.a(funpack2.DA_o)
 .debug_info      0x00a705         0x93 c:/program files/microchip/xc16/v2.10/bin/bin/../../lib\libc99-pic30-elf.a(dpropagateNaN.DA_o)
 *(.gnu.linkonce.wi.*)

.debug_abbrev     0x000000       0x1701
 *(.debug_abbrev)
 .debug_abbrev    0x000000        0x191 build/default/debug/mcc_generated_files/drivers/i2c_simple_master.o
 .debug_abbrev    0x000191         0xf6 build/default/debug/mcc_generated_files/drivers/uart.o
 .debug_abbrev    0x000287         0x88 build/default/debug/mcc_generated_files/drivers/i2c_types.o
 .debug_abbrev    0x00030f        0x21a build/default/debug/mcc_generated_files/drivers/i2c_master.o
 .debug_abbrev    0x000529        0x101 build/default/debug/mcc_generated_files/examples/uart_example.o
 .debug_abbrev    0x00062a        0x100 build/default/debug/mcc_generated_files/traps.o
 .debug_abbrev    0x00072a         0xb4 build/default/debug/mcc_generated_files/system.o
 .debug_abbrev    0x0007de        0x228 build/default/debug/mcc_generated_files/uart2.o
 .debug_abbrev    0x000a06         0x9b build/default/debug/mcc_generated_files/pin_manager.o
 .debug_abbrev    0x000aa1          0x1 build/default/debug/mcc_generated_files/mcc.o
 .debug_abbrev    0x000aa2         0xb4 build/default/debug/mcc_generated_files/interrupt_manager.o
 .debug_abbrev    0x000b56        0x193 build/default/debug/mcc_generated_files/i2c1_driver.o
 .debug_abbrev    0x000ce9         0x67 build/default/debug/mcc_generated_files/delay.o
 .debug_abbrev    0x000d50         0x6a build/default/debug/mcc_generated_files/clock.o
 .debug_abbrev    0x000dba        0x205 build/default/debug/main.o
 .debug_abbrev    0x000fbf         0xf2 build/default/debug/oledb.o
 .debug_abbrev    0x0010b1         0x4e build/default/debug/temp_hum.o
 .debug_abbrev    0x0010ff         0x56 build/default/debug/oledb_resources.o
 .debug_abbrev    0x001155        0x147 build/default/debug/sgp30.o
 .debug_abbrev    0x00129c        0x1a9 build/default/debug/sps30.o
 .debug_abbrev    0x001445         0x14 c:/program files/microchip/xc16/v2.10/bin/bin/../../lib\libc99-pic30-elf.a(fixsfsi.DA_o)
 .debug_abbrev    0x001459         0x14 c:/program files/microchip/xc16/v2.10/bin/bin/../../lib\libc99-pic30-elf.a(fixunssfsi.DA_o)
 .debug_abbrev    0x00146d         0x14 c:/program files/microchip/xc16/v2.10/bin/bin/../../lib\libc99-pic30-elf.a(floatunsisf.DA_o)
 .debug_abbrev    0x001481         0x14 c:/program files/microchip/xc16/v2.10/bin/bin/../../lib\libc99-pic30-elf.a(funpack.DA_o)
 .debug_abbrev    0x001495         0x14 c:/program files/microchip/xc16/v2.10/bin/bin/../../lib\libc99-pic30-elf.a(addsf3x.DA_o)
 .debug_abbrev    0x0014a9         0x14 c:/program files/microchip/xc16/v2.10/bin/bin/../../lib\libc99-pic30-elf.a(divsf3x.DA_o)
 .debug_abbrev    0x0014bd         0x14 c:/program files/microchip/xc16/v2.10/bin/bin/../../lib\libc99-pic30-elf.a(mulsf3x.DA_o)
 .debug_abbrev    0x0014d1         0x14 c:/program files/microchip/xc16/v2.10/bin/bin/../../lib\libc99-pic30-elf.a(dnrmpackfx.DA_o)
 .debug_abbrev    0x0014e5         0x14 c:/program files/microchip/xc16/v2.10/bin/bin/../../lib\libc99-pic30-elf.a(unpackdnrmfx.DA_o)
 .debug_abbrev    0x0014f9         0x14 c:/program files/microchip/xc16/v2.10/bin/bin/../../lib\libc99-pic30-elf.a(typefx.DA_o)
 .debug_abbrev    0x00150d         0x14 c:/program files/microchip/xc16/v2.10/bin/bin/../../lib\libc99-pic30-elf.a(propnanfx.DA_o)
 .debug_abbrev    0x001521         0x14 c:/program files/microchip/xc16/v2.10/bin/bin/../../lib\libc99-pic30-elf.a(spackfx.DA_o)
 .debug_abbrev    0x001535         0x14 c:/program files/microchip/xc16/v2.10/bin/bin/../../lib\libc99-pic30-elf.a(unpackfx.DA_o)
 .debug_abbrev    0x001549         0x14 c:/program files/microchip/xc16/v2.10/bin/bin/../../lib\libc99-pic30-elf.a(floatundisf.DA_o)
 .debug_abbrev    0x00155d         0x14 c:/program files/microchip/xc16/v2.10/bin/bin/../../lib\libc99-pic30-elf.a(fpack.DA_o)
 .debug_abbrev    0x001571         0x14 c:/program files/microchip/xc16/v2.10/bin/bin/../../lib\libc99-pic30-elf.a(deqltle.DA_o)
 .debug_abbrev    0x001585         0x14 c:/program files/microchip/xc16/v2.10/bin/bin/../../lib\libc99-pic30-elf.a(dgtge.DA_o)
 .debug_abbrev    0x001599         0x14 c:/program files/microchip/xc16/v2.10/bin/bin/../../lib\libc99-pic30-elf.a(extendsfdf.DA_o)
 .debug_abbrev    0x0015ad         0x14 c:/program files/microchip/xc16/v2.10/bin/bin/../../lib\libc99-pic30-elf.a(feqltle.DA_o)
 .debug_abbrev    0x0015c1         0x14 c:/program files/microchip/xc16/v2.10/bin/bin/../../lib\libc99-pic30-elf.a(fgtge.DA_o)
 .debug_abbrev    0x0015d5         0x14 c:/program files/microchip/xc16/v2.10/bin/bin/../../lib\libc99-pic30-elf.a(fixdfsi.DA_o)
 .debug_abbrev    0x0015e9         0x14 c:/program files/microchip/xc16/v2.10/bin/bin/../../lib\libc99-pic30-elf.a(floatsisf.DA_o)
 .debug_abbrev    0x0015fd         0x14 c:/program files/microchip/xc16/v2.10/bin/bin/../../lib\libc99-pic30-elf.a(mulsi3.DA_o)
 .debug_abbrev    0x001611         0x14 c:/program files/microchip/xc16/v2.10/bin/bin/../../lib\libc99-pic30-elf.a(dpadd.DA_o)
 .debug_abbrev    0x001625         0x14 c:/program files/microchip/xc16/v2.10/bin/bin/../../lib\libc99-pic30-elf.a(dpdiv.DA_o)
 .debug_abbrev    0x001639         0x14 c:/program files/microchip/xc16/v2.10/bin/bin/../../lib\libc99-pic30-elf.a(dpmul.DA_o)
 .debug_abbrev    0x00164d         0x14 c:/program files/microchip/xc16/v2.10/bin/bin/../../lib\libc99-pic30-elf.a(dpsubs.DA_o)
 .debug_abbrev    0x001661         0x14 c:/program files/microchip/xc16/v2.10/bin/bin/../../lib\libc99-pic30-elf.a(dcompare.DA_o)
 .debug_abbrev    0x001675         0x14 c:/program files/microchip/xc16/v2.10/bin/bin/../../lib\libc99-pic30-elf.a(dtype.DA_o)
 .debug_abbrev    0x001689         0x14 c:/program files/microchip/xc16/v2.10/bin/bin/../../lib\libc99-pic30-elf.a(dunpack.DA_o)
 .debug_abbrev    0x00169d         0x14 c:/program files/microchip/xc16/v2.10/bin/bin/../../lib\libc99-pic30-elf.a(dunpack2.DA_o)
 .debug_abbrev    0x0016b1         0x14 c:/program files/microchip/xc16/v2.10/bin/bin/../../lib\libc99-pic30-elf.a(fcompare.DA_o)
 .debug_abbrev    0x0016c5         0x14 c:/program files/microchip/xc16/v2.10/bin/bin/../../lib\libc99-pic30-elf.a(floatdisf.DA_o)
 .debug_abbrev    0x0016d9         0x14 c:/program files/microchip/xc16/v2.10/bin/bin/../../lib\libc99-pic30-elf.a(funpack2.DA_o)
 .debug_abbrev    0x0016ed         0x14 c:/program files/microchip/xc16/v2.10/bin/bin/../../lib\libc99-pic30-elf.a(dpropagateNaN.DA_o)

.debug_line       0x000000       0x2a51
 *(.debug_line)
 .debug_line      0x000000        0x16d build/default/debug/mcc_generated_files/drivers/i2c_simple_master.o
 .debug_line      0x00016d         0xba build/default/debug/mcc_generated_files/drivers/uart.o
 .debug_line      0x000227         0x6e build/default/debug/mcc_generated_files/drivers/i2c_types.o
 .debug_line      0x000295        0x183 build/default/debug/mcc_generated_files/drivers/i2c_master.o
 .debug_line      0x000418         0xeb build/default/debug/mcc_generated_files/examples/uart_example.o
 .debug_line      0x000503        0x150 build/default/debug/mcc_generated_files/traps.o
 .debug_line      0x000653        0x11f build/default/debug/mcc_generated_files/system.o
 .debug_line      0x000772        0x1f4 build/default/debug/mcc_generated_files/uart2.o
 .debug_line      0x000966        0x137 build/default/debug/mcc_generated_files/pin_manager.o
 .debug_line      0x000a9d         0x1a build/default/debug/mcc_generated_files/mcc.o
 .debug_line      0x000ab7        0x12a build/default/debug/mcc_generated_files/interrupt_manager.o
 .debug_line      0x000be1        0x1c5 build/default/debug/mcc_generated_files/i2c1_driver.o
 .debug_line      0x000da6         0xa6 build/default/debug/mcc_generated_files/delay.o
 .debug_line      0x000e4c        0x12b build/default/debug/mcc_generated_files/clock.o
 .debug_line      0x000f77        0x16e build/default/debug/main.o
 .debug_line      0x0010e5         0xe8 build/default/debug/oledb.o
 .debug_line      0x0011cd         0x8f build/default/debug/temp_hum.o
 .debug_line      0x00125c         0x7e build/default/debug/oledb_resources.o
 .debug_line      0x0012da        0x221 build/default/debug/sgp30.o
 .debug_line      0x0014fb        0x58e build/default/debug/sps30.o
 .debug_line      0x001a89         0x56 c:/program files/microchip/xc16/v2.10/bin/bin/../../lib\libc99-pic30-elf.a(fixsfsi.DA_o)
 .debug_line      0x001adf         0x53 c:/program files/microchip/xc16/v2.10/bin/bin/../../lib\libc99-pic30-elf.a(fixunssfsi.DA_o)
 .debug_line      0x001b32         0x3b c:/program files/microchip/xc16/v2.10/bin/bin/../../lib\libc99-pic30-elf.a(floatunsisf.DA_o)
 .debug_line      0x001b6d         0x4a c:/program files/microchip/xc16/v2.10/bin/bin/../../lib\libc99-pic30-elf.a(funpack.DA_o)
 .debug_line      0x001bb7        0x136 c:/program files/microchip/xc16/v2.10/bin/bin/../../lib\libc99-pic30-elf.a(addsf3x.DA_o)
 .debug_line      0x001ced        0x124 c:/program files/microchip/xc16/v2.10/bin/bin/../../lib\libc99-pic30-elf.a(divsf3x.DA_o)
 .debug_line      0x001e11         0xcc c:/program files/microchip/xc16/v2.10/bin/bin/../../lib\libc99-pic30-elf.a(mulsf3x.DA_o)
 .debug_line      0x001edd         0x72 c:/program files/microchip/xc16/v2.10/bin/bin/../../lib\libc99-pic30-elf.a(dnrmpackfx.DA_o)
 .debug_line      0x001f4f         0x7a c:/program files/microchip/xc16/v2.10/bin/bin/../../lib\libc99-pic30-elf.a(unpackdnrmfx.DA_o)
 .debug_line      0x001fc9         0x5e c:/program files/microchip/xc16/v2.10/bin/bin/../../lib\libc99-pic30-elf.a(typefx.DA_o)
 .debug_line      0x002027         0x51 c:/program files/microchip/xc16/v2.10/bin/bin/../../lib\libc99-pic30-elf.a(propnanfx.DA_o)
 .debug_line      0x002078         0x98 c:/program files/microchip/xc16/v2.10/bin/bin/../../lib\libc99-pic30-elf.a(spackfx.DA_o)
 .debug_line      0x002110         0x79 c:/program files/microchip/xc16/v2.10/bin/bin/../../lib\libc99-pic30-elf.a(unpackfx.DA_o)
 .debug_line      0x002189         0x1a c:/program files/microchip/xc16/v2.10/bin/bin/../../lib\libc99-pic30-elf.a(errno.DA_o)
 .debug_line      0x0021a3         0x6c c:/program files/microchip/xc16/v2.10/bin/bin/../../lib\libc99-pic30-elf.a(floatundisf.DA_o)
 .debug_line      0x00220f         0x5a c:/program files/microchip/xc16/v2.10/bin/bin/../../lib\libc99-pic30-elf.a(fpack.DA_o)
 .debug_line      0x002269         0x3a c:/program files/microchip/xc16/v2.10/bin/bin/../../lib\libc99-pic30-elf.a(deqltle.DA_o)
 .debug_line      0x0022a3         0x38 c:/program files/microchip/xc16/v2.10/bin/bin/../../lib\libc99-pic30-elf.a(dgtge.DA_o)
 .debug_line      0x0022db         0x59 c:/program files/microchip/xc16/v2.10/bin/bin/../../lib\libc99-pic30-elf.a(extendsfdf.DA_o)
 .debug_line      0x002334         0x37 c:/program files/microchip/xc16/v2.10/bin/bin/../../lib\libc99-pic30-elf.a(feqltle.DA_o)
 .debug_line      0x00236b         0x35 c:/program files/microchip/xc16/v2.10/bin/bin/../../lib\libc99-pic30-elf.a(fgtge.DA_o)
 .debug_line      0x0023a0         0x61 c:/program files/microchip/xc16/v2.10/bin/bin/../../lib\libc99-pic30-elf.a(fixdfsi.DA_o)
 .debug_line      0x002401         0x3a c:/program files/microchip/xc16/v2.10/bin/bin/../../lib\libc99-pic30-elf.a(floatsisf.DA_o)
 .debug_line      0x00243b         0x3a c:/program files/microchip/xc16/v2.10/bin/bin/../../lib\libc99-pic30-elf.a(mulsi3.DA_o)
 .debug_line      0x002475         0xa2 c:/program files/microchip/xc16/v2.10/bin/bin/../../lib\libc99-pic30-elf.a(dpadd.DA_o)
 .debug_line      0x002517        0x100 c:/program files/microchip/xc16/v2.10/bin/bin/../../lib\libc99-pic30-elf.a(dpdiv.DA_o)
 .debug_line      0x002617         0xde c:/program files/microchip/xc16/v2.10/bin/bin/../../lib\libc99-pic30-elf.a(dpmul.DA_o)
 .debug_line      0x0026f5         0xe8 c:/program files/microchip/xc16/v2.10/bin/bin/../../lib\libc99-pic30-elf.a(dpsubs.DA_o)
 .debug_line      0x0027dd         0x5f c:/program files/microchip/xc16/v2.10/bin/bin/../../lib\libc99-pic30-elf.a(dcompare.DA_o)
 .debug_line      0x00283c         0x45 c:/program files/microchip/xc16/v2.10/bin/bin/../../lib\libc99-pic30-elf.a(dtype.DA_o)
 .debug_line      0x002881         0x5c c:/program files/microchip/xc16/v2.10/bin/bin/../../lib\libc99-pic30-elf.a(dunpack.DA_o)
 .debug_line      0x0028dd         0x53 c:/program files/microchip/xc16/v2.10/bin/bin/../../lib\libc99-pic30-elf.a(dunpack2.DA_o)
 .debug_line      0x002930         0x53 c:/program files/microchip/xc16/v2.10/bin/bin/../../lib\libc99-pic30-elf.a(fcompare.DA_o)
 .debug_line      0x002983         0x47 c:/program files/microchip/xc16/v2.10/bin/bin/../../lib\libc99-pic30-elf.a(floatdisf.DA_o)
 .debug_line      0x0029ca         0x3e c:/program files/microchip/xc16/v2.10/bin/bin/../../lib\libc99-pic30-elf.a(funpack2.DA_o)
 .debug_line      0x002a08         0x49 c:/program files/microchip/xc16/v2.10/bin/bin/../../lib\libc99-pic30-elf.a(dpropagateNaN.DA_o)

.debug_frame      0x000000       0x1e70
 *(.debug_frame)
 .debug_frame     0x000000        0x250 build/default/debug/mcc_generated_files/drivers/i2c_simple_master.o
 .debug_frame     0x000250         0xca build/default/debug/mcc_generated_files/drivers/uart.o
 .debug_frame     0x00031a         0x7c build/default/debug/mcc_generated_files/drivers/i2c_types.o
 .debug_frame     0x000396        0x3aa build/default/debug/mcc_generated_files/drivers/i2c_master.o
 .debug_frame     0x000740         0x4a build/default/debug/mcc_generated_files/examples/uart_example.o
 .debug_frame     0x00078a        0x17e build/default/debug/mcc_generated_files/traps.o
 .debug_frame     0x000908         0x2e build/default/debug/mcc_generated_files/system.o
 .debug_frame     0x000936        0x2f0 build/default/debug/mcc_generated_files/uart2.o
 .debug_frame     0x000c26         0x2e build/default/debug/mcc_generated_files/pin_manager.o
 .debug_frame     0x000c54         0x2e build/default/debug/mcc_generated_files/interrupt_manager.o
 .debug_frame     0x000c82        0x404 build/default/debug/mcc_generated_files/i2c1_driver.o
 .debug_frame     0x001086         0x48 build/default/debug/mcc_generated_files/delay.o
 .debug_frame     0x0010ce         0x2e build/default/debug/mcc_generated_files/clock.o
 .debug_frame     0x0010fc         0xd2 build/default/debug/main.o
 .debug_frame     0x0011ce         0xe4 build/default/debug/oledb.o
 .debug_frame     0x0012b2         0x2e build/default/debug/temp_hum.o
 .debug_frame     0x0012e0        0x3fa build/default/debug/sgp30.o
 .debug_frame     0x0016da        0x796 build/default/debug/sps30.o

.debug_str        0x000000        0x341
 *(.debug_str)
 .debug_str       0x000000          0xd build/default/debug/mcc_generated_files/drivers/i2c_simple_master.o
 .debug_str       0x00000d         0x21 build/default/debug/mcc_generated_files/drivers/i2c_master.o
 .debug_str       0x00002e         0x18 build/default/debug/mcc_generated_files/traps.o
 .debug_str       0x000046          0xc build/default/debug/mcc_generated_files/system.o
 .debug_str       0x000052         0x9b build/default/debug/mcc_generated_files/uart2.o
 .debug_str       0x0000ed         0x16 build/default/debug/mcc_generated_files/pin_manager.o
 .debug_str       0x000103         0x1c build/default/debug/mcc_generated_files/interrupt_manager.o
 .debug_str       0x00011f         0xac build/default/debug/mcc_generated_files/i2c1_driver.o
 .debug_str       0x0001cb         0x12 build/default/debug/mcc_generated_files/clock.o
 .debug_str       0x0001dd         0x94 build/default/debug/main.o
 .debug_str       0x000271         0x4e build/default/debug/oledb.o
 .debug_str       0x0002bf         0x39 build/default/debug/sgp30.o
 .debug_str       0x0002f8         0x49 build/default/debug/sps30.o

.debug_loc
 *(.debug_loc)

.debug_macinfo
 *(.debug_macinfo)

.debug_pubnames
                  0x000000       0x1289
 *(.debug_pubnames)
 .debug_pubnames
                  0x000000        0x1f4 build/default/debug/mcc_generated_files/drivers/i2c_simple_master.o
 .debug_pubnames
                  0x0001f4         0xf2 build/default/debug/mcc_generated_files/drivers/uart.o
 .debug_pubnames
                  0x0002e6         0x62 build/default/debug/mcc_generated_files/drivers/i2c_types.o
 .debug_pubnames
                  0x000348        0x190 build/default/debug/mcc_generated_files/drivers/i2c_master.o
 .debug_pubnames
                  0x0004d8         0x33 build/default/debug/mcc_generated_files/examples/uart_example.o
 .debug_pubnames
                  0x00050b         0x7d build/default/debug/mcc_generated_files/traps.o
 .debug_pubnames
                  0x000588         0x28 build/default/debug/mcc_generated_files/system.o
 .debug_pubnames
                  0x0005b0        0x259 build/default/debug/mcc_generated_files/uart2.o
 .debug_pubnames
                  0x000809         0x2d build/default/debug/mcc_generated_files/pin_manager.o
 .debug_pubnames
                  0x000836         0x2b build/default/debug/mcc_generated_files/interrupt_manager.o
 .debug_pubnames
                  0x000861        0x3f9 build/default/debug/mcc_generated_files/i2c1_driver.o
 .debug_pubnames
                  0x000c5a         0x40 build/default/debug/mcc_generated_files/delay.o
 .debug_pubnames
                  0x000c9a         0x27 build/default/debug/mcc_generated_files/clock.o
 .debug_pubnames
                  0x000cc1         0x1b build/default/debug/main.o
 .debug_pubnames
                  0x000cdc         0xef build/default/debug/oledb.o
 .debug_pubnames
                  0x000dcb         0x34 build/default/debug/temp_hum.o
 .debug_pubnames
                  0x000dff         0x4d build/default/debug/oledb_resources.o
 .debug_pubnames
                  0x000e4c        0x1dd build/default/debug/sgp30.o
 .debug_pubnames
                  0x001029        0x260 build/default/debug/sps30.o

.debug_ranges
 *(.debug_ranges)

.debug_aranges    0x000000        0x610
 *(.debug_aranges)
 .debug_aranges
                  0x000000         0x18 build/default/debug/mcc_generated_files/drivers/i2c_simple_master.o
 .debug_aranges
                  0x000018         0x18 build/default/debug/mcc_generated_files/drivers/uart.o
 .debug_aranges
                  0x000030         0x18 build/default/debug/mcc_generated_files/drivers/i2c_types.o
 .debug_aranges
                  0x000048         0x18 build/default/debug/mcc_generated_files/drivers/i2c_master.o
 .debug_aranges
                  0x000060         0x18 build/default/debug/mcc_generated_files/examples/uart_example.o
 .debug_aranges
                  0x000078         0x18 build/default/debug/mcc_generated_files/traps.o
 .debug_aranges
                  0x000090         0x18 build/default/debug/mcc_generated_files/system.o
 .debug_aranges
                  0x0000a8         0x18 build/default/debug/mcc_generated_files/uart2.o
 .debug_aranges
                  0x0000c0         0x18 build/default/debug/mcc_generated_files/pin_manager.o
 .debug_aranges
                  0x0000d8         0x18 build/default/debug/mcc_generated_files/interrupt_manager.o
 .debug_aranges
                  0x0000f0         0x18 build/default/debug/mcc_generated_files/i2c1_driver.o
 .debug_aranges
                  0x000108         0x18 build/default/debug/mcc_generated_files/delay.o
 .debug_aranges
                  0x000120         0x18 build/default/debug/mcc_generated_files/clock.o
 .debug_aranges
                  0x000138         0x18 build/default/debug/main.o
 .debug_aranges
                  0x000150         0x18 build/default/debug/oledb.o
 .debug_aranges
                  0x000168         0x18 build/default/debug/temp_hum.o
 .debug_aranges
                  0x000180         0x18 build/default/debug/sgp30.o
 .debug_aranges
                  0x000198         0x18 build/default/debug/sps30.o
 .debug_aranges
                  0x0001b0         0x20 c:/program files/microchip/xc16/v2.10/bin/bin/../../lib\libc99-pic30-elf.a(fixsfsi.DA_o)
 .debug_aranges
                  0x0001d0         0x20 c:/program files/microchip/xc16/v2.10/bin/bin/../../lib\libc99-pic30-elf.a(fixunssfsi.DA_o)
 .debug_aranges
                  0x0001f0         0x20 c:/program files/microchip/xc16/v2.10/bin/bin/../../lib\libc99-pic30-elf.a(floatunsisf.DA_o)
 .debug_aranges
                  0x000210         0x20 c:/program files/microchip/xc16/v2.10/bin/bin/../../lib\libc99-pic30-elf.a(funpack.DA_o)
 .debug_aranges
                  0x000230         0x20 c:/program files/microchip/xc16/v2.10/bin/bin/../../lib\libc99-pic30-elf.a(addsf3x.DA_o)
 .debug_aranges
                  0x000250         0x20 c:/program files/microchip/xc16/v2.10/bin/bin/../../lib\libc99-pic30-elf.a(divsf3x.DA_o)
 .debug_aranges
                  0x000270         0x20 c:/program files/microchip/xc16/v2.10/bin/bin/../../lib\libc99-pic30-elf.a(mulsf3x.DA_o)
 .debug_aranges
                  0x000290         0x20 c:/program files/microchip/xc16/v2.10/bin/bin/../../lib\libc99-pic30-elf.a(dnrmpackfx.DA_o)
 .debug_aranges
                  0x0002b0         0x20 c:/program files/microchip/xc16/v2.10/bin/bin/../../lib\libc99-pic30-elf.a(unpackdnrmfx.DA_o)
 .debug_aranges
                  0x0002d0         0x20 c:/program files/microchip/xc16/v2.10/bin/bin/../../lib\libc99-pic30-elf.a(typefx.DA_o)
 .debug_aranges
                  0x0002f0         0x20 c:/program files/microchip/xc16/v2.10/bin/bin/../../lib\libc99-pic30-elf.a(propnanfx.DA_o)
 .debug_aranges
                  0x000310         0x20 c:/program files/microchip/xc16/v2.10/bin/bin/../../lib\libc99-pic30-elf.a(spackfx.DA_o)
 .debug_aranges
                  0x000330         0x20 c:/program files/microchip/xc16/v2.10/bin/bin/../../lib\libc99-pic30-elf.a(unpackfx.DA_o)
 .debug_aranges
                  0x000350         0x20 c:/program files/microchip/xc16/v2.10/bin/bin/../../lib\libc99-pic30-elf.a(floatundisf.DA_o)
 .debug_aranges
                  0x000370         0x20 c:/program files/microchip/xc16/v2.10/bin/bin/../../lib\libc99-pic30-elf.a(fpack.DA_o)
 .debug_aranges
                  0x000390         0x20 c:/program files/microchip/xc16/v2.10/bin/bin/../../lib\libc99-pic30-elf.a(deqltle.DA_o)
 .debug_aranges
                  0x0003b0         0x20 c:/program files/microchip/xc16/v2.10/bin/bin/../../lib\libc99-pic30-elf.a(dgtge.DA_o)
 .debug_aranges
                  0x0003d0         0x20 c:/program files/microchip/xc16/v2.10/bin/bin/../../lib\libc99-pic30-elf.a(extendsfdf.DA_o)
 .debug_aranges
                  0x0003f0         0x20 c:/program files/microchip/xc16/v2.10/bin/bin/../../lib\libc99-pic30-elf.a(feqltle.DA_o)
 .debug_aranges
                  0x000410         0x20 c:/program files/microchip/xc16/v2.10/bin/bin/../../lib\libc99-pic30-elf.a(fgtge.DA_o)
 .debug_aranges
                  0x000430         0x20 c:/program files/microchip/xc16/v2.10/bin/bin/../../lib\libc99-pic30-elf.a(fixdfsi.DA_o)
 .debug_aranges
                  0x000450         0x20 c:/program files/microchip/xc16/v2.10/bin/bin/../../lib\libc99-pic30-elf.a(floatsisf.DA_o)
 .debug_aranges
                  0x000470         0x20 c:/program files/microchip/xc16/v2.10/bin/bin/../../lib\libc99-pic30-elf.a(mulsi3.DA_o)
 .debug_aranges
                  0x000490         0x20 c:/program files/microchip/xc16/v2.10/bin/bin/../../lib\libc99-pic30-elf.a(dpadd.DA_o)
 .debug_aranges
                  0x0004b0         0x20 c:/program files/microchip/xc16/v2.10/bin/bin/../../lib\libc99-pic30-elf.a(dpdiv.DA_o)
 .debug_aranges
                  0x0004d0         0x20 c:/program files/microchip/xc16/v2.10/bin/bin/../../lib\libc99-pic30-elf.a(dpmul.DA_o)
 .debug_aranges
                  0x0004f0         0x20 c:/program files/microchip/xc16/v2.10/bin/bin/../../lib\libc99-pic30-elf.a(dpsubs.DA_o)
 .debug_aranges
                  0x000510         0x20 c:/program files/microchip/xc16/v2.10/bin/bin/../../lib\libc99-pic30-elf.a(dcompare.DA_o)
 .debug_aranges
                  0x000530         0x20 c:/program files/microchip/xc16/v2.10/bin/bin/../../lib\libc99-pic30-elf.a(dtype.DA_o)
 .debug_aranges
                  0x000550         0x20 c:/program files/microchip/xc16/v2.10/bin/bin/../../lib\libc99-pic30-elf.a(dunpack.DA_o)
 .debug_aranges
                  0x000570         0x20 c:/program files/microchip/xc16/v2.10/bin/bin/../../lib\libc99-pic30-elf.a(dunpack2.DA_o)
 .debug_aranges
                  0x000590         0x20 c:/program files/microchip/xc16/v2.10/bin/bin/../../lib\libc99-pic30-elf.a(fcompare.DA_o)
 .debug_aranges
                  0x0005b0         0x20 c:/program files/microchip/xc16/v2.10/bin/bin/../../lib\libc99-pic30-elf.a(floatdisf.DA_o)
 .debug_aranges
                  0x0005d0         0x20 c:/program files/microchip/xc16/v2.10/bin/bin/../../lib\libc99-pic30-elf.a(funpack2.DA_o)
 .debug_aranges
                  0x0005f0         0x20 c:/program files/microchip/xc16/v2.10/bin/bin/../../lib\libc99-pic30-elf.a(dpropagateNaN.DA_o)
                    0x0000                  WREG0 = 0x0
                    0x0000                  _WREG0 = 0x0
                    0x0002                  WREG1 = 0x2
                    0x0002                  _WREG1 = 0x2
                    0x0004                  WREG2 = 0x4
                    0x0004                  _WREG2 = 0x4
                    0x0006                  WREG3 = 0x6
                    0x0006                  _WREG3 = 0x6
                    0x0008                  WREG4 = 0x8
                    0x0008                  _WREG4 = 0x8
                    0x000a                  WREG5 = 0xa
                    0x000a                  _WREG5 = 0xa
                    0x000c                  WREG6 = 0xc
                    0x000c                  _WREG6 = 0xc
                    0x000e                  WREG7 = 0xe
                    0x000e                  _WREG7 = 0xe
                    0x0010                  WREG8 = 0x10
                    0x0010                  _WREG8 = 0x10
                    0x0012                  WREG9 = 0x12
                    0x0012                  _WREG9 = 0x12
                    0x0014                  WREG10 = 0x14
                    0x0014                  _WREG10 = 0x14
                    0x0016                  WREG11 = 0x16
                    0x0016                  _WREG11 = 0x16
                    0x0018                  WREG12 = 0x18
                    0x0018                  _WREG12 = 0x18
                    0x001a                  WREG13 = 0x1a
                    0x001a                  _WREG13 = 0x1a
                    0x001c                  WREG14 = 0x1c
                    0x001c                  _WREG14 = 0x1c
                    0x001e                  WREG15 = 0x1e
                    0x001e                  _WREG15 = 0x1e
                    0x0020                  SPLIM = 0x20
                    0x0020                  _SPLIM = 0x20
                    0x002e                  PCL = 0x2e
                    0x002e                  _PCL = 0x2e
                    0x0030                  PCH = 0x30
                    0x0030                  _PCH = 0x30
                    0x0032                  DSRPAG = 0x32
                    0x0032                  _DSRPAG = 0x32
                    0x0032                  _DSRPAGbits = 0x32
                    0x0034                  DSWPAG = 0x34
                    0x0034                  _DSWPAG = 0x34
                    0x0034                  _DSWPAGbits = 0x34
                    0x0036                  RCOUNT = 0x36
                    0x0036                  _RCOUNT = 0x36
                    0x0042                  SR = 0x42
                    0x0042                  _SR = 0x42
                    0x0042                  _SRbits = 0x42
                    0x0044                  CORCON = 0x44
                    0x0044                  _CORCON = 0x44
                    0x0044                  _CORCONbits = 0x44
                    0x0052                  DISICNT = 0x52
                    0x0052                  _DISICNT = 0x52
                    0x0052                  _DISICNTbits = 0x52
                    0x0054                  TBLPAG = 0x54
                    0x0054                  _TBLPAG = 0x54
                    0x0054                  _TBLPAGbits = 0x54
                    0x0080                  INTCON1 = 0x80
                    0x0080                  _INTCON1 = 0x80
                    0x0080                  _INTCON1bits = 0x80
                    0x0082                  INTCON2 = 0x82
                    0x0082                  _INTCON2 = 0x82
                    0x0082                  _INTCON2bits = 0x82
                    0x0086                  INTCON4 = 0x86
                    0x0086                  _INTCON4 = 0x86
                    0x0086                  _INTCON4bits = 0x86
                    0x0088                  IFS0 = 0x88
                    0x0088                  _IFS0 = 0x88
                    0x0088                  _IFS0bits = 0x88
                    0x008a                  IFS1 = 0x8a
                    0x008a                  _IFS1 = 0x8a
                    0x008a                  _IFS1bits = 0x8a
                    0x008c                  IFS2 = 0x8c
                    0x008c                  _IFS2 = 0x8c
                    0x008c                  _IFS2bits = 0x8c
                    0x008e                  IFS3 = 0x8e
                    0x008e                  _IFS3 = 0x8e
                    0x008e                  _IFS3bits = 0x8e
                    0x0090                  IFS4 = 0x90
                    0x0090                  _IFS4 = 0x90
                    0x0090                  _IFS4bits = 0x90
                    0x0092                  IFS5 = 0x92
                    0x0092                  _IFS5 = 0x92
                    0x0092                  _IFS5bits = 0x92
                    0x0094                  IFS6 = 0x94
                    0x0094                  _IFS6 = 0x94
                    0x0094                  _IFS6bits = 0x94
                    0x0096                  IFS7 = 0x96
                    0x0096                  _IFS7 = 0x96
                    0x0096                  _IFS7bits = 0x96
                    0x0098                  IEC0 = 0x98
                    0x0098                  _IEC0 = 0x98
                    0x0098                  _IEC0bits = 0x98
                    0x009a                  IEC1 = 0x9a
                    0x009a                  _IEC1 = 0x9a
                    0x009a                  _IEC1bits = 0x9a
                    0x009c                  IEC2 = 0x9c
                    0x009c                  _IEC2 = 0x9c
                    0x009c                  _IEC2bits = 0x9c
                    0x009e                  IEC3 = 0x9e
                    0x009e                  _IEC3 = 0x9e
                    0x009e                  _IEC3bits = 0x9e
                    0x00a0                  IEC4 = 0xa0
                    0x00a0                  _IEC4 = 0xa0
                    0x00a0                  _IEC4bits = 0xa0
                    0x00a2                  IEC5 = 0xa2
                    0x00a2                  _IEC5 = 0xa2
                    0x00a2                  _IEC5bits = 0xa2
                    0x00a4                  IEC6 = 0xa4
                    0x00a4                  _IEC6 = 0xa4
                    0x00a4                  _IEC6bits = 0xa4
                    0x00a6                  IEC7 = 0xa6
                    0x00a6                  _IEC7 = 0xa6
                    0x00a6                  _IEC7bits = 0xa6
                    0x00a8                  IPC0 = 0xa8
                    0x00a8                  _IPC0 = 0xa8
                    0x00a8                  _IPC0bits = 0xa8
                    0x00aa                  IPC1 = 0xaa
                    0x00aa                  _IPC1 = 0xaa
                    0x00aa                  _IPC1bits = 0xaa
                    0x00ac                  IPC2 = 0xac
                    0x00ac                  _IPC2 = 0xac
                    0x00ac                  _IPC2bits = 0xac
                    0x00ae                  IPC3 = 0xae
                    0x00ae                  _IPC3 = 0xae
                    0x00ae                  _IPC3bits = 0xae
                    0x00b0                  IPC4 = 0xb0
                    0x00b0                  _IPC4 = 0xb0
                    0x00b0                  _IPC4bits = 0xb0
                    0x00b2                  IPC5 = 0xb2
                    0x00b2                  _IPC5 = 0xb2
                    0x00b2                  _IPC5bits = 0xb2
                    0x00b4                  IPC6 = 0xb4
                    0x00b4                  _IPC6 = 0xb4
                    0x00b4                  _IPC6bits = 0xb4
                    0x00b6                  IPC7 = 0xb6
                    0x00b6                  _IPC7 = 0xb6
                    0x00b6                  _IPC7bits = 0xb6
                    0x00b8                  IPC8 = 0xb8
                    0x00b8                  _IPC8 = 0xb8
                    0x00b8                  _IPC8bits = 0xb8
                    0x00ba                  IPC9 = 0xba
                    0x00ba                  _IPC9 = 0xba
                    0x00ba                  _IPC9bits = 0xba
                    0x00bc                  IPC10 = 0xbc
                    0x00bc                  _IPC10 = 0xbc
                    0x00bc                  _IPC10bits = 0xbc
                    0x00be                  IPC11 = 0xbe
                    0x00be                  _IPC11 = 0xbe
                    0x00be                  _IPC11bits = 0xbe
                    0x00c0                  IPC12 = 0xc0
                    0x00c0                  _IPC12 = 0xc0
                    0x00c0                  _IPC12bits = 0xc0
                    0x00c2                  IPC13 = 0xc2
                    0x00c2                  _IPC13 = 0xc2
                    0x00c2                  _IPC13bits = 0xc2
                    0x00c4                  IPC14 = 0xc4
                    0x00c4                  _IPC14 = 0xc4
                    0x00c4                  _IPC14bits = 0xc4
                    0x00c6                  IPC15 = 0xc6
                    0x00c6                  _IPC15 = 0xc6
                    0x00c6                  _IPC15bits = 0xc6
                    0x00c8                  IPC16 = 0xc8
                    0x00c8                  _IPC16 = 0xc8
                    0x00c8                  _IPC16bits = 0xc8
                    0x00ca                  IPC17 = 0xca
                    0x00ca                  _IPC17 = 0xca
                    0x00ca                  _IPC17bits = 0xca
                    0x00cc                  IPC18 = 0xcc
                    0x00cc                  _IPC18 = 0xcc
                    0x00cc                  _IPC18bits = 0xcc
                    0x00ce                  IPC19 = 0xce
                    0x00ce                  _IPC19 = 0xce
                    0x00ce                  _IPC19bits = 0xce
                    0x00d0                  IPC20 = 0xd0
                    0x00d0                  _IPC20 = 0xd0
                    0x00d0                  _IPC20bits = 0xd0
                    0x00d2                  IPC21 = 0xd2
                    0x00d2                  _IPC21 = 0xd2
                    0x00d2                  _IPC21bits = 0xd2
                    0x00d4                  IPC22 = 0xd4
                    0x00d4                  _IPC22 = 0xd4
                    0x00d4                  _IPC22bits = 0xd4
                    0x00d6                  IPC23 = 0xd6
                    0x00d6                  _IPC23 = 0xd6
                    0x00d6                  _IPC23bits = 0xd6
                    0x00d8                  IPC24 = 0xd8
                    0x00d8                  _IPC24 = 0xd8
                    0x00d8                  _IPC24bits = 0xd8
                    0x00da                  IPC25 = 0xda
                    0x00da                  _IPC25 = 0xda
                    0x00da                  _IPC25bits = 0xda
                    0x00dc                  IPC26 = 0xdc
                    0x00dc                  _IPC26 = 0xdc
                    0x00dc                  _IPC26bits = 0xdc
                    0x00de                  IPC27 = 0xde
                    0x00de                  _IPC27 = 0xde
                    0x00de                  _IPC27bits = 0xde
                    0x00e0                  IPC28 = 0xe0
                    0x00e0                  _IPC28 = 0xe0
                    0x00e0                  _IPC28bits = 0xe0
                    0x00e2                  IPC29 = 0xe2
                    0x00e2                  _IPC29 = 0xe2
                    0x00e2                  _IPC29bits = 0xe2
                    0x00e4                  INTTREG = 0xe4
                    0x00e4                  _INTTREG = 0xe4
                    0x00e4                  _INTTREGbits = 0xe4
                    0x0100                  OSCCON = 0x100
                    0x0100                  _OSCCON = 0x100
                    0x0100                  _OSCCONbits = 0x100
                    0x0100                  OSCCONL = 0x100
                    0x0100                  _OSCCONL = 0x100
                    0x0101                  OSCCONH = 0x101
                    0x0101                  _OSCCONH = 0x101
                    0x0102                  CLKDIV = 0x102
                    0x0102                  _CLKDIV = 0x102
                    0x0102                  _CLKDIVbits = 0x102
                    0x0106                  OSCTUN = 0x106
                    0x0106                  _OSCTUN = 0x106
                    0x0106                  _OSCTUNbits = 0x106
                    0x0108                  DCOTUN = 0x108
                    0x0108                  _DCOTUN = 0x108
                    0x0108                  _DCOTUNbits = 0x108
                    0x010a                  DCOCON = 0x10a
                    0x010a                  _DCOCON = 0x10a
                    0x010a                  _DCOCONbits = 0x10a
                    0x010c                  OSCDIV = 0x10c
                    0x010c                  _OSCDIV = 0x10c
                    0x010c                  _OSCDIVbits = 0x10c
                    0x010e                  OSCFDIV = 0x10e
                    0x010e                  _OSCFDIV = 0x10e
                    0x010e                  _OSCFDIVbits = 0x10e
                    0x0110                  RCON = 0x110
                    0x0110                  _RCON = 0x110
                    0x0110                  _RCONbits = 0x110
                    0x0114                  HLVDCON = 0x114
                    0x0114                  _HLVDCON = 0x114
                    0x0114                  _HLVDCONbits = 0x114
                    0x0128                  PMCON1 = 0x128
                    0x0128                  _PMCON1 = 0x128
                    0x0128                  _PMCON1bits = 0x128
                    0x012a                  PMCON2 = 0x12a
                    0x012a                  _PMCON2 = 0x12a
                    0x012a                  _PMCON2bits = 0x12a
                    0x012c                  PMCON3 = 0x12c
                    0x012c                  _PMCON3 = 0x12c
                    0x012c                  _PMCON3bits = 0x12c
                    0x012e                  PMCON4 = 0x12e
                    0x012e                  _PMCON4 = 0x12e
                    0x012e                  _PMCON4bits = 0x12e
                    0x0130                  PMCS1CF = 0x130
                    0x0130                  _PMCS1CF = 0x130
                    0x0130                  _PMCS1CFbits = 0x130
                    0x0132                  PMCS1BS = 0x132
                    0x0132                  _PMCS1BS = 0x132
                    0x0132                  _PMCS1BSbits = 0x132
                    0x0134                  PMCS1MD = 0x134
                    0x0134                  _PMCS1MD = 0x134
                    0x0134                  _PMCS1MDbits = 0x134
                    0x0136                  PMCS2CF = 0x136
                    0x0136                  _PMCS2CF = 0x136
                    0x0136                  _PMCS2CFbits = 0x136
                    0x0138                  PMCS2BS = 0x138
                    0x0138                  _PMCS2BS = 0x138
                    0x0138                  _PMCS2BSbits = 0x138
                    0x013a                  PMCS2MD = 0x13a
                    0x013a                  _PMCS2MD = 0x13a
                    0x013a                  _PMCS2MDbits = 0x13a
                    0x013c                  PMDOUT1 = 0x13c
                    0x013c                  _PMDOUT1 = 0x13c
                    0x013e                  PMDOUT2 = 0x13e
                    0x013e                  _PMDOUT2 = 0x13e
                    0x0140                  PMDIN1 = 0x140
                    0x0140                  _PMDIN1 = 0x140
                    0x0142                  PMDIN2 = 0x142
                    0x0142                  _PMDIN2 = 0x142
                    0x0144                  PMSTAT = 0x144
                    0x0144                  _PMSTAT = 0x144
                    0x0144                  _PMSTATbits = 0x144
                    0x0158                  CRCCON1 = 0x158
                    0x0158                  _CRCCON1 = 0x158
                    0x0158                  _CRCCON1bits = 0x158
                    0x015a                  CRCCON2 = 0x15a
                    0x015a                  _CRCCON2 = 0x15a
                    0x015a                  _CRCCON2bits = 0x15a
                    0x015c                  CRCXORL = 0x15c
                    0x015c                  _CRCXORL = 0x15c
                    0x015c                  _CRCXORLbits = 0x15c
                    0x015e                  CRCXORH = 0x15e
                    0x015e                  _CRCXORH = 0x15e
                    0x015e                  _CRCXORHbits = 0x15e
                    0x0160                  CRCDAT = 0x160
                    0x0160                  _CRCDAT = 0x160
                    0x0160                  CRCDATL = 0x160
                    0x0160                  _CRCDATL = 0x160
                    0x0162                  CRCDATH = 0x162
                    0x0162                  _CRCDATH = 0x162
                    0x0164                  CRCWDAT = 0x164
                    0x0164                  _CRCWDAT = 0x164
                    0x0164                  CRCWDATL = 0x164
                    0x0164                  _CRCWDATL = 0x164
                    0x0166                  CRCWDATH = 0x166
                    0x0166                  _CRCWDATH = 0x166
                    0x0168                  REFOCON1 = 0x168
                    0x0168                  _REFOCON1 = 0x168
                    0x0168                  _REFOCON1bits = 0x168
                    0x0168                  REFOCONL = 0x168
                    0x0168                  _REFOCONL = 0x168
                    0x0168                  _REFOCONLbits = 0x168
                    0x016a                  REFOCON2 = 0x16a
                    0x016a                  _REFOCON2 = 0x16a
                    0x016a                  _REFOCON2bits = 0x16a
                    0x016a                  REFOCONH = 0x16a
                    0x016a                  _REFOCONH = 0x16a
                    0x016a                  _REFOCONHbits = 0x16a
                    0x0178                  PMD1 = 0x178
                    0x0178                  _PMD1 = 0x178
                    0x0178                  _PMD1bits = 0x178
                    0x017a                  PMD2 = 0x17a
                    0x017a                  _PMD2 = 0x17a
                    0x017a                  _PMD2bits = 0x17a
                    0x017c                  PMD3 = 0x17c
                    0x017c                  _PMD3 = 0x17c
                    0x017c                  _PMD3bits = 0x17c
                    0x017e                  PMD4 = 0x17e
                    0x017e                  _PMD4 = 0x17e
                    0x017e                  _PMD4bits = 0x17e
                    0x0180                  PMD5 = 0x180
                    0x0180                  _PMD5 = 0x180
                    0x0180                  _PMD5bits = 0x180
                    0x0182                  PMD6 = 0x182
                    0x0182                  _PMD6 = 0x182
                    0x0182                  _PMD6bits = 0x182
                    0x0184                  PMD7 = 0x184
                    0x0184                  _PMD7 = 0x184
                    0x0184                  _PMD7bits = 0x184
                    0x0186                  PMD8 = 0x186
                    0x0186                  _PMD8 = 0x186
                    0x0186                  _PMD8bits = 0x186
                    0x0190                  TMR1 = 0x190
                    0x0190                  _TMR1 = 0x190
                    0x0192                  PR1 = 0x192
                    0x0192                  _PR1 = 0x192
                    0x0194                  T1CON = 0x194
                    0x0194                  _T1CON = 0x194
                    0x0194                  _T1CONbits = 0x194
                    0x0196                  TMR2 = 0x196
                    0x0196                  _TMR2 = 0x196
                    0x0198                  TMR3HLD = 0x198
                    0x0198                  _TMR3HLD = 0x198
                    0x019a                  TMR3 = 0x19a
                    0x019a                  _TMR3 = 0x19a
                    0x019c                  PR2 = 0x19c
                    0x019c                  _PR2 = 0x19c
                    0x019e                  PR3 = 0x19e
                    0x019e                  _PR3 = 0x19e
                    0x01a0                  T2CON = 0x1a0
                    0x01a0                  _T2CON = 0x1a0
                    0x01a0                  _T2CONbits = 0x1a0
                    0x01a2                  T3CON = 0x1a2
                    0x01a2                  _T3CON = 0x1a2
                    0x01a2                  _T3CONbits = 0x1a2
                    0x01c0                  CTMUCON1L = 0x1c0
                    0x01c0                  _CTMUCON1L = 0x1c0
                    0x01c0                  _CTMUCON1Lbits = 0x1c0
                    0x01c2                  CTMUCON1H = 0x1c2
                    0x01c2                  _CTMUCON1H = 0x1c2
                    0x01c2                  _CTMUCON1Hbits = 0x1c2
                    0x01c4                  CTMUCON2L = 0x1c4
                    0x01c4                  _CTMUCON2L = 0x1c4
                    0x01c4                  _CTMUCON2Lbits = 0x1c4
                    0x01cc                  RTCCON1L = 0x1cc
                    0x01cc                  _RTCCON1L = 0x1cc
                    0x01cc                  _RTCCON1Lbits = 0x1cc
                    0x01ce                  RTCCON1H = 0x1ce
                    0x01ce                  _RTCCON1H = 0x1ce
                    0x01ce                  _RTCCON1Hbits = 0x1ce
                    0x01d0                  RTCCON2L = 0x1d0
                    0x01d0                  _RTCCON2L = 0x1d0
                    0x01d0                  _RTCCON2Lbits = 0x1d0
                    0x01d2                  RTCCON2H = 0x1d2
                    0x01d2                  _RTCCON2H = 0x1d2
                    0x01d4                  RTCCON3L = 0x1d4
                    0x01d4                  _RTCCON3L = 0x1d4
                    0x01d4                  _RTCCON3Lbits = 0x1d4
                    0x01d8                  RTCSTATL = 0x1d8
                    0x01d8                  _RTCSTATL = 0x1d8
                    0x01d8                  _RTCSTATLbits = 0x1d8
                    0x01dc                  TIMEL = 0x1dc
                    0x01dc                  _TIMEL = 0x1dc
                    0x01dc                  _TIMELbits = 0x1dc
                    0x01de                  TIMEH = 0x1de
                    0x01de                  _TIMEH = 0x1de
                    0x01de                  _TIMEHbits = 0x1de
                    0x01e0                  DATEL = 0x1e0
                    0x01e0                  _DATEL = 0x1e0
                    0x01e0                  _DATELbits = 0x1e0
                    0x01e2                  DATEH = 0x1e2
                    0x01e2                  _DATEH = 0x1e2
                    0x01e2                  _DATEHbits = 0x1e2
                    0x01e4                  ALMTIMEL = 0x1e4
                    0x01e4                  _ALMTIMEL = 0x1e4
                    0x01e4                  _ALMTIMELbits = 0x1e4
                    0x01e6                  ALMTIMEH = 0x1e6
                    0x01e6                  _ALMTIMEH = 0x1e6
                    0x01e6                  _ALMTIMEHbits = 0x1e6
                    0x01e8                  ALMDATEL = 0x1e8
                    0x01e8                  _ALMDATEL = 0x1e8
                    0x01e8                  _ALMDATELbits = 0x1e8
                    0x01ea                  ALMDATEH = 0x1ea
                    0x01ea                  _ALMDATEH = 0x1ea
                    0x01ea                  _ALMDATEHbits = 0x1ea
                    0x01ec                  TSATIMEL = 0x1ec
                    0x01ec                  _TSATIMEL = 0x1ec
                    0x01ec                  _TSATIMELbits = 0x1ec
                    0x01ee                  TSATIMEH = 0x1ee
                    0x01ee                  _TSATIMEH = 0x1ee
                    0x01ee                  _TSATIMEHbits = 0x1ee
                    0x01f0                  TSADATEL = 0x1f0
                    0x01f0                  _TSADATEL = 0x1f0
                    0x01f0                  _TSADATELbits = 0x1f0
                    0x01f2                  TSADATEH = 0x1f2
                    0x01f2                  _TSADATEH = 0x1f2
                    0x01f2                  _TSADATEHbits = 0x1f2
                    0x0200                  IC1CON1 = 0x200
                    0x0200                  _IC1CON1 = 0x200
                    0x0200                  _IC1CON1bits = 0x200
                    0x0202                  IC1CON2 = 0x202
                    0x0202                  _IC1CON2 = 0x202
                    0x0202                  _IC1CON2bits = 0x202
                    0x0204                  IC1BUF = 0x204
                    0x0204                  _IC1BUF = 0x204
                    0x0206                  IC1TMR = 0x206
                    0x0206                  _IC1TMR = 0x206
                    0x0208                  IC2CON1 = 0x208
                    0x0208                  _IC2CON1 = 0x208
                    0x0208                  _IC2CON1bits = 0x208
                    0x020a                  IC2CON2 = 0x20a
                    0x020a                  _IC2CON2 = 0x20a
                    0x020a                  _IC2CON2bits = 0x20a
                    0x020c                  IC2BUF = 0x20c
                    0x020c                  _IC2BUF = 0x20c
                    0x020e                  IC2TMR = 0x20e
                    0x020e                  _IC2TMR = 0x20e
                    0x0210                  IC3CON1 = 0x210
                    0x0210                  _IC3CON1 = 0x210
                    0x0210                  _IC3CON1bits = 0x210
                    0x0212                  IC3CON2 = 0x212
                    0x0212                  _IC3CON2 = 0x212
                    0x0212                  _IC3CON2bits = 0x212
                    0x0214                  IC3BUF = 0x214
                    0x0214                  _IC3BUF = 0x214
                    0x0216                  IC3TMR = 0x216
                    0x0216                  _IC3TMR = 0x216
                    0x0230                  OC1CON1 = 0x230
                    0x0230                  _OC1CON1 = 0x230
                    0x0230                  _OC1CON1bits = 0x230
                    0x0232                  OC1CON2 = 0x232
                    0x0232                  _OC1CON2 = 0x232
                    0x0232                  _OC1CON2bits = 0x232
                    0x0234                  OC1RS = 0x234
                    0x0234                  _OC1RS = 0x234
                    0x0236                  OC1R = 0x236
                    0x0236                  _OC1R = 0x236
                    0x0238                  OC1TMR = 0x238
                    0x0238                  _OC1TMR = 0x238
                    0x023a                  OC2CON1 = 0x23a
                    0x023a                  _OC2CON1 = 0x23a
                    0x023a                  _OC2CON1bits = 0x23a
                    0x023c                  OC2CON2 = 0x23c
                    0x023c                  _OC2CON2 = 0x23c
                    0x023c                  _OC2CON2bits = 0x23c
                    0x023e                  OC2RS = 0x23e
                    0x023e                  _OC2RS = 0x23e
                    0x0240                  OC2R = 0x240
                    0x0240                  _OC2R = 0x240
                    0x0242                  OC2TMR = 0x242
                    0x0242                  _OC2TMR = 0x242
                    0x0244                  OC3CON1 = 0x244
                    0x0244                  _OC3CON1 = 0x244
                    0x0244                  _OC3CON1bits = 0x244
                    0x0246                  OC3CON2 = 0x246
                    0x0246                  _OC3CON2 = 0x246
                    0x0246                  _OC3CON2bits = 0x246
                    0x0248                  OC3RS = 0x248
                    0x0248                  _OC3RS = 0x248
                    0x024a                  OC3R = 0x24a
                    0x024a                  _OC3R = 0x24a
                    0x024c                  OC3TMR = 0x24c
                    0x024c                  _OC3TMR = 0x24c
                    0x026c                  CCP1CON1L = 0x26c
                    0x026c                  _CCP1CON1L = 0x26c
                    0x026c                  _CCP1CON1Lbits = 0x26c
                    0x026e                  CCP1CON1H = 0x26e
                    0x026e                  _CCP1CON1H = 0x26e
                    0x026e                  _CCP1CON1Hbits = 0x26e
                    0x0270                  CCP1CON2L = 0x270
                    0x0270                  _CCP1CON2L = 0x270
                    0x0270                  _CCP1CON2Lbits = 0x270
                    0x0272                  CCP1CON2H = 0x272
                    0x0272                  _CCP1CON2H = 0x272
                    0x0272                  _CCP1CON2Hbits = 0x272
                    0x0274                  CCP1CON3L = 0x274
                    0x0274                  _CCP1CON3L = 0x274
                    0x0274                  _CCP1CON3Lbits = 0x274
                    0x0276                  CCP1CON3H = 0x276
                    0x0276                  _CCP1CON3H = 0x276
                    0x0276                  _CCP1CON3Hbits = 0x276
                    0x0278                  CCP1STAT = 0x278
                    0x0278                  _CCP1STAT = 0x278
                    0x0278                  _CCP1STATbits = 0x278
                    0x0278                  CCP1STATL = 0x278
                    0x0278                  _CCP1STATL = 0x278
                    0x0278                  _CCP1STATLbits = 0x278
                    0x027a                  CCP1STATH = 0x27a
                    0x027a                  _CCP1STATH = 0x27a
                    0x027a                  _CCP1STATHbits = 0x27a
                    0x027c                  CCP1TMRL = 0x27c
                    0x027c                  _CCP1TMRL = 0x27c
                    0x027e                  CCP1TMRH = 0x27e
                    0x027e                  _CCP1TMRH = 0x27e
                    0x0280                  CCP1PRL = 0x280
                    0x0280                  _CCP1PRL = 0x280
                    0x0282                  CCP1PRH = 0x282
                    0x0282                  _CCP1PRH = 0x282
                    0x0284                  CCP1RA = 0x284
                    0x0284                  _CCP1RA = 0x284
                    0x0284                  CCP1RAL = 0x284
                    0x0284                  _CCP1RAL = 0x284
                    0x0286                  CCP1RAH = 0x286
                    0x0286                  _CCP1RAH = 0x286
                    0x0288                  CCP1RB = 0x288
                    0x0288                  _CCP1RB = 0x288
                    0x0288                  CCP1RBL = 0x288
                    0x0288                  _CCP1RBL = 0x288
                    0x028a                  CCP1RBH = 0x28a
                    0x028a                  _CCP1RBH = 0x28a
                    0x028c                  CCP1BUFL = 0x28c
                    0x028c                  _CCP1BUFL = 0x28c
                    0x028e                  CCP1BUFH = 0x28e
                    0x028e                  _CCP1BUFH = 0x28e
                    0x0290                  CCP2CON1L = 0x290
                    0x0290                  _CCP2CON1L = 0x290
                    0x0290                  _CCP2CON1Lbits = 0x290
                    0x0292                  CCP2CON1H = 0x292
                    0x0292                  _CCP2CON1H = 0x292
                    0x0292                  _CCP2CON1Hbits = 0x292
                    0x0294                  CCP2CON2L = 0x294
                    0x0294                  _CCP2CON2L = 0x294
                    0x0294                  _CCP2CON2Lbits = 0x294
                    0x0296                  CCP2CON2H = 0x296
                    0x0296                  _CCP2CON2H = 0x296
                    0x0296                  _CCP2CON2Hbits = 0x296
                    0x029a                  CCP2CON3H = 0x29a
                    0x029a                  _CCP2CON3H = 0x29a
                    0x029a                  _CCP2CON3Hbits = 0x29a
                    0x029c                  CCP2STAT = 0x29c
                    0x029c                  _CCP2STAT = 0x29c
                    0x029c                  _CCP2STATbits = 0x29c